This is pdfTeX, Version 3.141592653-2.6-1.40.29 (TeX Live 2026) (preloaded format=pdflatex 2026.4.6)  19 JUL 2026 11:52
entering extended mode
 restricted \write18 enabled.
 file:line:error style messages enabled.
 %&-line parsing enabled.
**/Users/macbookpro/educationvirtual.net/moove-openedx-docs/UserGuide/UserGuide_OpenEdX.tex
(/Users/macbookpro/educationvirtual.net/moove-openedx-docs/UserGuide/UserGuide_OpenEdX.tex
LaTeX2e <2025-11-01>
L3 programming layer <2026-01-19>
(../common/preamble.tex (/usr/local/texlive/2026/texmf-dist/tex/latex/base/report.cls
Document Class: report 2025/01/22 v1.4n Standard LaTeX document class
(/usr/local/texlive/2026/texmf-dist/tex/latex/base/size12.clo
File: size12.clo 2025/01/22 v1.4n Standard LaTeX file (size option)
)
\c@part=\count275
\c@chapter=\count276
\c@section=\count277
\c@subsection=\count278
\c@subsubsection=\count279
\c@paragraph=\count280
\c@subparagraph=\count281
\c@figure=\count282
\c@table=\count283
\abovecaptionskip=\skip49
\belowcaptionskip=\skip50
\bibindent=\dimen148
) (/usr/local/texlive/2026/texmf-dist/tex/latex/base/inputenc.sty
Package: inputenc 2024/02/08 v1.3d Input encoding file
\inpenc@prehook=\toks17
\inpenc@posthook=\toks18
) (/usr/local/texlive/2026/texmf-dist/tex/latex/base/fontenc.sty
Package: fontenc 2025/07/18 v2.1d Standard LaTeX package
) (/usr/local/texlive/2026/texmf-dist/tex/latex/geometry/geometry.sty
Package: geometry 2026/03/07 v6.0 Page Geometry
 (/usr/local/texlive/2026/texmf-dist/tex/latex/graphics/keyval.sty
Package: keyval 2022/05/29 v1.15 key=value parser (DPC)
\KV@toks@=\toks19
) (/usr/local/texlive/2026/texmf-dist/tex/generic/iftex/ifvtex.sty
Package: ifvtex 2019/10/25 v1.7 ifvtex legacy package. Use iftex instead.
 (/usr/local/texlive/2026/texmf-dist/tex/generic/iftex/iftex.sty
Package: iftex 2024/12/12 v1.0g TeX engine tests
))
\Gm@cnth=\count284
\Gm@cntv=\count285
\c@Gm@tempcnt=\count286
\Gm@bindingoffset=\dimen149
\Gm@wd@mp=\dimen150
\Gm@odd@mp=\dimen151
\Gm@even@mp=\dimen152
\Gm@layoutwidth=\dimen153
\Gm@layoutheight=\dimen154
\Gm@layouthoffset=\dimen155
\Gm@layoutvoffset=\dimen156
\Gm@dimlist=\toks20
) (/usr/local/texlive/2026/texmf-dist/tex/latex/graphics/graphicx.sty
Package: graphicx 2024/12/31 v1.2e Enhanced LaTeX Graphics (DPC,SPQR)
 (/usr/local/texlive/2026/texmf-dist/tex/latex/graphics/graphics.sty
Package: graphics 2024/08/06 v1.4g Standard LaTeX Graphics (DPC,SPQR)
 (/usr/local/texlive/2026/texmf-dist/tex/latex/graphics/trig.sty
Package: trig 2023/12/02 v1.11 sin cos tan (DPC)
) (/usr/local/texlive/2026/texmf-dist/tex/latex/graphics-cfg/graphics.cfg
File: graphics.cfg 2016/06/04 v1.11 sample graphics configuration
)
Package graphics Info: Driver file: pdftex.def on input line 106.
 (/usr/local/texlive/2026/texmf-dist/tex/latex/graphics-def/pdftex.def
File: pdftex.def 2025/09/29 v1.2d Graphics/color driver for pdftex
))
\Gin@req@height=\dimen157
\Gin@req@width=\dimen158
) (/usr/local/texlive/2026/texmf-dist/tex/latex/xcolor/xcolor.sty
Package: xcolor 2024/09/29 v3.02 LaTeX color extensions (UK)
 (/usr/local/texlive/2026/texmf-dist/tex/latex/graphics-cfg/color.cfg
File: color.cfg 2016/01/02 v1.6 sample color configuration
)
Package xcolor Info: Driver file: pdftex.def on input line 274.
 (/usr/local/texlive/2026/texmf-dist/tex/latex/graphics/mathcolor.ltx)
Package xcolor Info: Model `cmy' substituted by `cmy0' on input line 1349.
Package xcolor Info: Model `hsb' substituted by `rgb' on input line 1353.
Package xcolor Info: Model `RGB' extended on input line 1365.
Package xcolor Info: Model `HTML' substituted by `rgb' on input line 1367.
Package xcolor Info: Model `Hsb' substituted by `hsb' on input line 1368.
Package xcolor Info: Model `tHsb' substituted by `hsb' on input line 1369.
Package xcolor Info: Model `HSB' substituted by `hsb' on input line 1370.
Package xcolor Info: Model `Gray' substituted by `gray' on input line 1371.
Package xcolor Info: Model `wave' substituted by `hsb' on input line 1372.
) (/usr/local/texlive/2026/texmf-dist/tex/latex/fancyhdr/fancyhdr.sty
Package: fancyhdr 2025/02/07 v5.2 Extensive control of page headers and footers
\f@nch@headwidth=\skip51
\f@nch@offset@elh=\skip52
\f@nch@offset@erh=\skip53
\f@nch@offset@olh=\skip54
\f@nch@offset@orh=\skip55
\f@nch@offset@elf=\skip56
\f@nch@offset@erf=\skip57
\f@nch@offset@olf=\skip58
\f@nch@offset@orf=\skip59
\f@nch@height=\skip60
\f@nch@footalignment=\skip61
\f@nch@widthL=\skip62
\f@nch@widthC=\skip63
\f@nch@widthR=\skip64
\@temptokenb=\toks21
) (/usr/local/texlive/2026/texmf-dist/tex/latex/titlesec/titlesec.sty
Package: titlesec 2025/01/04 v2.17 Sectioning titles
\ttl@box=\box53
\beforetitleunit=\skip65
\aftertitleunit=\skip66
\ttl@plus=\dimen159
\ttl@minus=\dimen160
\ttl@toksa=\toks22
\titlewidth=\dimen161
\titlewidthlast=\dimen162
\titlewidthfirst=\dimen163
) (/usr/local/texlive/2026/texmf-dist/tex/latex/hyperref/hyperref.sty
Package: hyperref 2026-01-29 v7.01p Hypertext links for LaTeX
 (/usr/local/texlive/2026/texmf-dist/tex/latex/kvsetkeys/kvsetkeys.sty
Package: kvsetkeys 2022-10-05 v1.19 Key value parser (HO)
) (/usr/local/texlive/2026/texmf-dist/tex/generic/kvdefinekeys/kvdefinekeys.sty
Package: kvdefinekeys 2019-12-19 v1.6 Define keys (HO)
) (/usr/local/texlive/2026/texmf-dist/tex/generic/pdfescape/pdfescape.sty
Package: pdfescape 2019/12/09 v1.15 Implements pdfTeX's escape features (HO)
 (/usr/local/texlive/2026/texmf-dist/tex/generic/ltxcmds/ltxcmds.sty
Package: ltxcmds 2023-12-04 v1.26 LaTeX kernel commands for general use (HO)
) (/usr/local/texlive/2026/texmf-dist/tex/generic/pdftexcmds/pdftexcmds.sty
Package: pdftexcmds 2020-06-27 v0.33 Utility functions of pdfTeX for LuaTeX (HO)
 (/usr/local/texlive/2026/texmf-dist/tex/generic/infwarerr/infwarerr.sty
Package: infwarerr 2019/12/03 v1.5 Providing info/warning/error messages (HO)
)
Package pdftexcmds Info: \pdf@primitive is available.
Package pdftexcmds Info: \pdf@ifprimitive is available.
Package pdftexcmds Info: \pdfdraftmode found.
)) (/usr/local/texlive/2026/texmf-dist/tex/latex/hycolor/hycolor.sty
Package: hycolor 2020-01-27 v1.10 Color options for hyperref/bookmark (HO)
) (/usr/local/texlive/2026/texmf-dist/tex/latex/hyperref/nameref.sty
Package: nameref 2026-01-29 v2.58 Cross-referencing by name of section
 (/usr/local/texlive/2026/texmf-dist/tex/latex/refcount/refcount.sty
Package: refcount 2019/12/15 v3.6 Data extraction from label references (HO)
) (/usr/local/texlive/2026/texmf-dist/tex/generic/gettitlestring/gettitlestring.sty
Package: gettitlestring 2019/12/15 v1.6 Cleanup title references (HO)
 (/usr/local/texlive/2026/texmf-dist/tex/latex/kvoptions/kvoptions.sty
Package: kvoptions 2022-06-15 v3.15 Key value format for package options (HO)
))
\c@section@level=\count287
) (/usr/local/texlive/2026/texmf-dist/tex/latex/etoolbox/etoolbox.sty
Package: etoolbox 2025/10/02 v2.5m e-TeX tools for LaTeX (JAW)
\etb@tempcnta=\count288
) (/usr/local/texlive/2026/texmf-dist/tex/generic/stringenc/stringenc.sty
Package: stringenc 2019/11/29 v1.12 Convert strings between diff. encodings (HO)
)
\@linkdim=\dimen164
\Hy@linkcounter=\count289
\Hy@pagecounter=\count290
 (/usr/local/texlive/2026/texmf-dist/tex/latex/hyperref/pd1enc.def
File: pd1enc.def 2026-01-29 v7.01p Hyperref: PDFDocEncoding definition (HO)
Now handling font encoding PD1 ...
... no UTF-8 mapping file for font encoding PD1
) (/usr/local/texlive/2026/texmf-dist/tex/generic/intcalc/intcalc.sty
Package: intcalc 2019/12/15 v1.3 Expandable calculations with integers (HO)
)
\Hy@SavedSpaceFactor=\count291
 (/usr/local/texlive/2026/texmf-dist/tex/latex/hyperref/puenc.def
File: puenc.def 2026-01-29 v7.01p Hyperref: PDF Unicode definition (HO)
Now handling font encoding PU ...
... no UTF-8 mapping file for font encoding PU
)
Package hyperref Info: Hyper figures OFF on input line 4201.
Package hyperref Info: Link nesting OFF on input line 4206.
Package hyperref Info: Hyper index ON on input line 4209.
Package hyperref Info: Plain pages OFF on input line 4216.
Package hyperref Info: Backreferencing OFF on input line 4221.
Package hyperref Info: Implicit mode ON; LaTeX internals redefined.
Package hyperref Info: Bookmarks ON on input line 4468.
\c@Hy@tempcnt=\count292
 (/usr/local/texlive/2026/texmf-dist/tex/latex/url/url.sty
\Urlmuskip=\muskip17
Package: url 2013/09/16  ver 3.4  Verb mode for urls, etc.
)
LaTeX Info: Redefining \url on input line 4807.
\XeTeXLinkMargin=\dimen165
 (/usr/local/texlive/2026/texmf-dist/tex/generic/bitset/bitset.sty
Package: bitset 2019/12/09 v1.3 Handle bit-vector datatype (HO)
 (/usr/local/texlive/2026/texmf-dist/tex/generic/bigintcalc/bigintcalc.sty
Package: bigintcalc 2019/12/15 v1.5 Expandable calculations on big integers (HO)
))
\Fld@menulength=\count293
\Field@Width=\dimen166
\Fld@charsize=\dimen167
Package hyperref Info: Hyper figures OFF on input line 6084.
Package hyperref Info: Link nesting OFF on input line 6089.
Package hyperref Info: Hyper index ON on input line 6092.
Package hyperref Info: backreferencing OFF on input line 6099.
Package hyperref Info: Link coloring OFF on input line 6104.
Package hyperref Info: Link coloring with OCG OFF on input line 6109.
Package hyperref Info: PDF/A mode OFF on input line 6114.
\Hy@abspage=\count294
\c@Item=\count295
\c@Hfootnote=\count296
)
Package hyperref Info: Driver (autodetected): hpdftex.
 (/usr/local/texlive/2026/texmf-dist/tex/latex/hyperref/hpdftex.def
File: hpdftex.def 2026-01-29 v7.01p Hyperref driver for pdfTeX
\Fld@listcount=\count297
\c@bookmark@seq@number=\count298
 (/usr/local/texlive/2026/texmf-dist/tex/latex/rerunfilecheck/rerunfilecheck.sty
Package: rerunfilecheck 2025-06-21 v1.11 Rerun checks for auxiliary files (HO)
 (/usr/local/texlive/2026/texmf-dist/tex/generic/uniquecounter/uniquecounter.sty
Package: uniquecounter 2019/12/15 v1.4 Provide unlimited unique counter (HO)
)
Package uniquecounter Info: New unique counter `rerunfilecheck' on input line 284.
)
\Hy@SectionHShift=\skip67
) (/usr/local/texlive/2026/texmf-dist/tex/latex/enumitem/enumitem.sty
Package: enumitem 2025/02/06 v3.11 Customized lists
\labelindent=\skip68
\enit@outerparindent=\dimen168
\enit@toks=\toks23
\enit@inbox=\box54
\enit@count@id=\count299
\enitdp@description=\count300
) (/usr/local/texlive/2026/texmf-dist/tex/latex/tools/tabularx.sty
Package: tabularx 2023/12/11 v2.12a `tabularx' package (DPC)
 (/usr/local/texlive/2026/texmf-dist/tex/latex/tools/array.sty
Package: array 2025/09/25 v2.6n Tabular extension package (FMi)
\col@sep=\dimen169
\ar@mcellbox=\box55
\extrarowheight=\dimen170
\NC@list=\toks24
\extratabsurround=\skip69
\backup@length=\skip70
\ar@cellbox=\box56
)
\TX@col@width=\dimen171
\TX@old@table=\dimen172
\TX@old@col=\dimen173
\TX@target=\dimen174
\TX@delta=\dimen175
\TX@cols=\count301
\TX@ftn=\toks25
) (/usr/local/texlive/2026/texmf-dist/tex/latex/tools/longtable.sty
Package: longtable 2025-10-13 v4.24 Multi-page Table package (DPC)
\LTleft=\skip71
\LTright=\skip72
\LTpre=\skip73
\LTpost=\skip74
\LTchunksize=\count302
\LTcapwidth=\dimen176
\LT@head=\box57
\LT@firsthead=\box58
\LT@foot=\box59
\LT@lastfoot=\box60
\LT@gbox=\box61
\LT@cols=\count303
\LT@rows=\count304
\c@LT@tables=\count305
\c@LT@chunks=\count306
\LT@p@ftn=\toks26
) (/usr/local/texlive/2026/texmf-dist/tex/latex/listings/listings.sty
\lst@mode=\count307
\lst@gtempboxa=\box62
\lst@token=\toks27
\lst@length=\count308
\lst@currlwidth=\dimen177
\lst@column=\count309
\lst@pos=\count310
\lst@lostspace=\dimen178
\lst@width=\dimen179
\lst@newlines=\count311
\lst@lineno=\count312
\lst@maxwidth=\dimen180
 (/usr/local/texlive/2026/texmf-dist/tex/latex/listings/lstpatch.sty
File: lstpatch.sty 2025/11/14 1.11b (Carsten Heinz)
) (/usr/local/texlive/2026/texmf-dist/tex/latex/listings/lstmisc.sty
File: lstmisc.sty 2025/11/14 1.11b (Carsten Heinz)
\c@lstnumber=\count313
\lst@skipnumbers=\count314
\lst@framebox=\box63
) (/usr/local/texlive/2026/texmf-dist/tex/latex/listings/listings.cfg
File: listings.cfg 2025/11/14 1.11b listings configuration
))
Package: listings 2025/11/14 1.11b (Carsten Heinz)

==> First Aid for listings.sty no longer applied!
    Expected:
        2024/09/23 1.10c (Carsten Heinz)
    but found:
        2025/11/14 1.11b (Carsten Heinz)
    so I'm assuming it got fixed.
(/usr/local/texlive/2026/texmf-dist/tex/latex/float/float.sty
Package: float 2001/11/08 v1.3d Float enhancements (AL)
\c@float@type=\count315
\float@exts=\toks28
\float@box=\box64
\@float@everytoks=\toks29
\@floatcapt=\box65
)) (/usr/local/texlive/2026/texmf-dist/tex/latex/l3backend/l3backend-pdftex.def
File: l3backend-pdftex.def 2025-10-09 L3 backend support: PDF output (pdfTeX)
\l__color_backend_stack_int=\count316
) (./UserGuide_OpenEdX.aux)
\openout1 = `UserGuide_OpenEdX.aux'.

LaTeX Font Info:    Checking defaults for OML/cmm/m/it on input line 14.
LaTeX Font Info:    ... okay on input line 14.
LaTeX Font Info:    Checking defaults for OMS/cmsy/m/n on input line 14.
LaTeX Font Info:    ... okay on input line 14.
LaTeX Font Info:    Checking defaults for OT1/cmr/m/n on input line 14.
LaTeX Font Info:    ... okay on input line 14.
LaTeX Font Info:    Checking defaults for T1/cmr/m/n on input line 14.
LaTeX Font Info:    ... okay on input line 14.
LaTeX Font Info:    Checking defaults for TS1/cmr/m/n on input line 14.
LaTeX Font Info:    ... okay on input line 14.
LaTeX Font Info:    Checking defaults for OMX/cmex/m/n on input line 14.
LaTeX Font Info:    ... okay on input line 14.
LaTeX Font Info:    Checking defaults for U/cmr/m/n on input line 14.
LaTeX Font Info:    ... okay on input line 14.
LaTeX Font Info:    Checking defaults for PD1/pdf/m/n on input line 14.
LaTeX Font Info:    ... okay on input line 14.
LaTeX Font Info:    Checking defaults for PU/pdf/m/n on input line 14.
LaTeX Font Info:    ... okay on input line 14.

*geometry* driver: auto-detecting
*geometry* detected driver: pdftex
*geometry* verbose mode - [ preamble ] result:
* driver: pdftex
* paper: a4paper
* layout: <same size as paper>
* layoutoffset:(h,v)=(0.0pt,0.0pt)
* modes: 
* h-part:(L,W,R)=(71.13188pt, 455.24411pt, 71.13188pt)
* v-part:(T,H,B)=(71.13188pt, 702.78308pt, 71.13188pt)
* \paperwidth=597.50787pt
* \paperheight=845.04684pt
* \textwidth=455.24411pt
* \textheight=702.78308pt
* \oddsidemargin=-1.1381pt
* \evensidemargin=-1.1381pt
* \topmargin=-50.7881pt
* \headheight=24.65pt
* \headsep=25.0pt
* \topskip=12.0pt
* \footskip=42.67912pt
* \marginparwidth=35.0pt
* \marginparsep=10.0pt
* \columnsep=10.0pt
* \skip\footins=10.8pt plus 4.0pt minus 2.0pt
* \hoffset=0.0pt
* \voffset=0.0pt
* \mag=1000
* \@twocolumnfalse
* \@twosidefalse
* \@mparswitchfalse
* \@reversemarginfalse
* (1in=72.27pt=25.4mm, 1cm=28.453pt)

(/usr/local/texlive/2026/texmf-dist/tex/context/base/mkii/supp-pdf.mkii
[Loading MPS to PDF converter (version 2006.09.02).]
\scratchcounter=\count317
\scratchdimen=\dimen181
\scratchbox=\box66
\nofMPsegments=\count318
\nofMParguments=\count319
\everyMPshowfont=\toks30
\MPscratchCnt=\count320
\MPscratchDim=\dimen182
\MPnumerator=\count321
\makeMPintoPDFobject=\count322
\everyMPtoPDFconversion=\toks31
) (/usr/local/texlive/2026/texmf-dist/tex/latex/epstopdf-pkg/epstopdf-base.sty
Package: epstopdf-base 2020-01-24 v2.11 Base part for package epstopdf
Package epstopdf-base Info: Redefining graphics rule for `.eps' on input line 485.
 (/usr/local/texlive/2026/texmf-dist/tex/latex/latexconfig/epstopdf-sys.cfg
File: epstopdf-sys.cfg 2010/07/13 v1.3 Configuration of (r)epstopdf for TeX Live
))
Package hyperref Info: Link coloring OFF on input line 14.
 (./UserGuide_OpenEdX.out) (./UserGuide_OpenEdX.out)
\@outlinefile=\write3
\openout3 = `UserGuide_OpenEdX.out'.

\c@lstlisting=\count323
 (../common/cover.tex
<../logo.png, id=148, 1712.3975pt x 1174.3875pt>
File: ../logo.png Graphic file (type png)
<use ../logo.png>
Package pdftex.def Info: ../logo.png  used on input line 4.
(pdftex.def)             Requested size: 142.26378pt x 97.55476pt.
 [1

{/usr/local/texlive/2026/texmf-var/fonts/map/pdftex/updmap/pdftex.map}{/usr/local/texlive/2026/texmf-dist/fonts/enc/dvips/cm-super/cm-super-t1.enc} <../logo.png>]) (./UserGuide_OpenEdX.toc
LaTeX Font Info:    External font `cmex10' loaded for size
(Font)              <12> on input line 1.
LaTeX Font Info:    External font `cmex10' loaded for size
(Font)              <8> on input line 1.
LaTeX Font Info:    External font `cmex10' loaded for size
(Font)              <6> on input line 1.
)
\tf@toc=\write4
\openout4 = `UserGuide_OpenEdX.toc'.


pdfTeX warning (ext4): destination with the same identifier (name{page.1}) has been already used, duplicate ignored
<to be read again> 
                   \relax 
l.20 \newpage
              [1

]
Overfull \hbox (6.71268pt too wide) in paragraph at lines 34--35
[]\T1/cmr/m/n/12 Log in to the CMS (Course Man-age-ment Sys-tem) at \T1/cmtt/m/n/12 studio.educationvirtual.net\T1/cmr/m/n/12 . 
 []

<screenshots/create_course.png, id=203, 1075.01625pt x 811.03pt>
File: screenshots/create_course.png Graphic file (type png)
<use screenshots/create_course.png>
Package pdftex.def Info: screenshots/create_course.png  used on input line 49.
(pdftex.def)             Requested size: 455.24373pt x 343.45184pt.
[2{/usr/local/texlive/2026/texmf-dist/fonts/enc/dvips/cm-super/cm-super-ts1.enc}]
<screenshots/course_outline.png, id=218, 1798.72pt x 893.3375pt>
File: screenshots/course_outline.png Graphic file (type png)
<use screenshots/course_outline.png>
Package pdftex.def Info: screenshots/course_outline.png  used on input line 64.
(pdftex.def)             Requested size: 455.25049pt x 226.10095pt.
 [3
pdfTeX warning (ext4): destination with the same identifier (name{figure.0.1}) has been already used, duplicate ignored
<argument> ...shipout:D \box_use:N \l_shipout_box 
                                                  \__shipout_drop_firstpage_...
l.67 
      <./screenshots/create_course.png>]
Overfull \hbox (45.05458pt too wide) in paragraph at lines 74--75
[]\T1/cmr/m/n/12 The CSV for-mat should be: \T1/cmtt/m/n/12 email,enrollment_mode \T1/cmr/m/n/12 (e.g., \T1/cmtt/m/n/12 student@email.com,verified\T1/cmr/m/n/12 ). 
 []

<screenshots/enroll_learners.png, id=231, 1106.1325pt x 649.42625pt>
File: screenshots/enroll_learners.png Graphic file (type png)
<use screenshots/enroll_learners.png>
Package pdftex.def Info: screenshots/enroll_learners.png  used on input line 79.
(pdftex.def)             Requested size: 455.23885pt x 267.27725pt.
[4
pdfTeX warning (ext4): destination with the same identifier (name{figure.0.2}) has been already used, duplicate ignored
<argument> ...shipout:D \box_use:N \l_shipout_box 
                                                  \__shipout_drop_firstpage_...
l.82 
      <./screenshots/course_outline.png>]
<screenshots/discussion_settings.png, id=244, 413.545pt x 845.1575pt>
File: screenshots/discussion_settings.png Graphic file (type png)
<use screenshots/discussion_settings.png>
Package pdftex.def Info: screenshots/discussion_settings.png  used on input line 102.
(pdftex.def)             Requested size: 206.33658pt x 421.68788pt.
 [5
pdfTeX warning (ext4): destination with the same identifier (name{figure.0.3}) has been already used, duplicate ignored
<argument> ...shipout:D \box_use:N \l_shipout_box 
                                                  \__shipout_drop_firstpage_...
l.105 
       <./screenshots/enroll_learners.png>]
<screenshots/bulk_email.png, id=256, 1093.08376pt x 594.22pt>
File: screenshots/bulk_email.png Graphic file (type png)
<use screenshots/bulk_email.png>
Package pdftex.def Info: screenshots/bulk_email.png  used on input line 121.
(pdftex.def)             Requested size: 455.23918pt x 247.47621pt.
 [6
pdfTeX warning (ext4): destination with the same identifier (name{figure.0.4}) has been already used, duplicate ignored
<argument> ...shipout:D \box_use:N \l_shipout_box 
                                                  \__shipout_drop_firstpage_...
l.124 
       <./screenshots/discussion_settings.png>]
<screenshots/course_update.png, id=270, 1693.32625pt x 459.7175pt>
File: screenshots/course_update.png Graphic file (type png)
<use screenshots/course_update.png>
Package pdftex.def Info: screenshots/course_update.png  used on input line 136.
(pdftex.def)             Requested size: 455.24051pt x 123.59225pt.
 [7
pdfTeX warning (ext4): destination with the same identifier (name{figure.0.5}) has been already used, duplicate ignored
<argument> ...shipout:D \box_use:N \l_shipout_box 
                                                  \__shipout_drop_firstpage_...
l.146     \item S
                 elect component type:
pdfTeX warning (ext4): destination with the same identifier (name{figure.0.6}) has been already used, duplicate ignored
<argument> ...shipout:D \box_use:N \l_shipout_box 
                                                  \__shipout_drop_firstpage_...
l.146     \item S
                 elect component type: <./screenshots/bulk_email.png> <./screenshots/course_update.png>]
<screenshots/add_component.png, id=287, 1791.69376pt x 892.33376pt>
File: screenshots/add_component.png Graphic file (type png)
<use screenshots/add_component.png>
Package pdftex.def Info: screenshots/add_component.png  used on input line 159.
(pdftex.def)             Requested size: 455.22186pt x 226.71834pt.
<screenshots/html_editor.png, id=288, 1766.6pt x 870.25125pt>
File: screenshots/html_editor.png Graphic file (type png)
<use screenshots/html_editor.png>
Package pdftex.def Info: screenshots/html_editor.png  used on input line 174.
(pdftex.def)             Requested size: 455.2348pt x 224.25487pt.
 [8
pdfTeX warning (ext4): destination with the same identifier (name{figure.0.7}) has been already used, duplicate ignored
<argument> ...shipout:D \box_use:N \l_shipout_box 
                                                  \__shipout_drop_firstpage_...
l.177 
       <./screenshots/add_component.png>]
<screenshots/video_component.png, id=304, 584.1825pt x 635.37375pt>
File: screenshots/video_component.png Graphic file (type png)
<use screenshots/video_component.png>
Package pdftex.def Info: screenshots/video_component.png  used on input line 194.
(pdftex.def)             Requested size: 387.70988pt x 421.68446pt.
 [9
pdfTeX warning (ext4): destination with the same identifier (name{figure.0.8}) has been already used, duplicate ignored
<argument> ...shipout:D \box_use:N \l_shipout_box 
                                                  \__shipout_drop_firstpage_...
l.197 
       <./screenshots/html_editor.png>]
<screenshots/visibility_settings.png, id=321, 817.0525pt x 612.2875pt>
File: screenshots/visibility_settings.png Graphic file (type png)
<use screenshots/visibility_settings.png>
Package pdftex.def Info: screenshots/visibility_settings.png  used on input line 209.
(pdftex.def)             Requested size: 455.25232pt x 341.15959pt.
 [10
pdfTeX warning (ext4): destination with the same identifier (name{figure.0.9}) has been already used, duplicate ignored
<argument> ...shipout:D \box_use:N \l_shipout_box 
                                                  \__shipout_drop_firstpage_...
l.212 
       <./screenshots/video_component.png>] [11
pdfTeX warning (ext4): destination with the same identifier (name{figure.0.10}) has been already used, duplicate ignored
<argument> ...shipout:D \box_use:N \l_shipout_box 
                                                  \__shipout_drop_firstpage_...
l.233 ...onse Assessments (ORA) – UFR-OE-005-03}
                                                   <./screenshots/visibility_settings.png>]
<screenshots/ora_settings.png, id=352, 402.50375pt x 255.95625pt>
File: screenshots/ora_settings.png Graphic file (type png)
<use screenshots/ora_settings.png>
Package pdftex.def Info: screenshots/ora_settings.png  used on input line 251.
(pdftex.def)             Requested size: 455.24158pt x 289.49275pt.
 [12
pdfTeX warning (ext4): destination with the same identifier (name{figure.0.11}) has been already used, duplicate ignored
<argument> ...shipout:D \box_use:N \l_shipout_box 
                                                  \__shipout_drop_firstpage_...
l.262 \end{enumerate}
                      <./screenshots/ora_settings.png>]
<screenshots/enrollment_data.png, id=372, 1116.17pt x 895.345pt>
File: screenshots/enrollment_data.png Graphic file (type png)
<use screenshots/enrollment_data.png>
Package pdftex.def Info: screenshots/enrollment_data.png  used on input line 286.
(pdftex.def)             Requested size: 455.24828pt x 365.18117pt.
 [13]
<screenshots/gradebook.png, id=391, 1788.6825pt x 894.34125pt>
File: screenshots/gradebook.png Graphic file (type png)
<use screenshots/gradebook.png>
Package pdftex.def Info: screenshots/gradebook.png  used on input line 309.
(pdftex.def)             Requested size: 455.24828pt x 227.62413pt.
 [14
pdfTeX warning (ext4): destination with the same identifier (name{figure.0.12}) has been already used, duplicate ignored
<argument> ...shipout:D \box_use:N \l_shipout_box 
                                                  \__shipout_drop_firstpage_...
l.312 
       <./screenshots/enrollment_data.png>] [15
pdfTeX warning (ext4): destination with the same identifier (name{figure.0.13}) has been already used, duplicate ignored
<argument> ...shipout:D \box_use:N \l_shipout_box 
                                                  \__shipout_drop_firstpage_...
l.342     \item E
                 nsure buttons and links are large enough to tap. <./screenshots/gradebook.png>]
<screenshots/transcript_upload.png, id=427, 389.455pt x 669.50125pt>
File: screenshots/transcript_upload.png Graphic file (type png)
<use screenshots/transcript_upload.png>
Package pdftex.def Info: screenshots/transcript_upload.png  used on input line 365.
(pdftex.def)             Requested size: 245.29851pt x 421.68587pt.
 [16]
<screenshots/export_course.png, id=439, 1619.04875pt x 902.37125pt>
File: screenshots/export_course.png Graphic file (type png)
<use screenshots/export_course.png>
Package pdftex.def Info: screenshots/export_course.png  used on input line 382.
(pdftex.def)             Requested size: 455.23282pt x 253.72244pt.
 [17
pdfTeX warning (ext4): destination with the same identifier (name{figure.0.14}) has been already used, duplicate ignored
<argument> ...shipout:D \box_use:N \l_shipout_box 
                                                  \__shipout_drop_firstpage_...
l.385 
       <./screenshots/transcript_upload.png>]
<screenshots/dashboard.png, id=452, 1689.31125pt x 828.09375pt>
File: screenshots/dashboard.png Graphic file (type png)
<use screenshots/dashboard.png>
Package pdftex.def Info: screenshots/dashboard.png  used on input line 408.
(pdftex.def)             Requested size: 455.24373pt x 223.15869pt.
 [18
pdfTeX warning (ext4): destination with the same identifier (name{figure.0.15}) has been already used, duplicate ignored
<argument> ...shipout:D \box_use:N \l_shipout_box 
                                                  \__shipout_drop_firstpage_...
l.411 
       <./screenshots/export_course.png>]
<screenshots/profile_edit.png, id=465, 1594.95876pt x 864.22874pt>
File: screenshots/profile_edit.png Graphic file (type png)
<use screenshots/profile_edit.png>
Package pdftex.def Info: screenshots/profile_edit.png  used on input line 444.
(pdftex.def)             Requested size: 455.22508pt x 246.66379pt.
 [19
pdfTeX warning (ext4): destination with the same identifier (name{figure.0.16}) has been already used, duplicate ignored
<argument> ...shipout:D \box_use:N \l_shipout_box 
                                                  \__shipout_drop_firstpage_...
l.447 
       <./screenshots/dashboard.png>] [20
pdfTeX warning (ext4): destination with the same identifier (name{figure.0.17}) has been already used, duplicate ignored
<argument> ...shipout:D \box_use:N \l_shipout_box 
                                                  \__shipout_drop_firstpage_...
l.474     \item A
                 djust email notifications, language preference, etc. <./screenshots/profile_edit.png>]
<screenshots/sidebar_navigation.png, id=509, 1443.3925pt x 817.0525pt>
File: screenshots/sidebar_navigation.png Graphic file (type png)
<use screenshots/sidebar_navigation.png>
Package pdftex.def Info: screenshots/sidebar_navigation.png  used on input line 489.
(pdftex.def)             Requested size: 455.24368pt x 257.69705pt.
 [21
pdfTeX warning (ext4): destination with the same identifier (name{figure.0.18}) has been already used, duplicate ignored
<argument> ...shipout:D \box_use:N \l_shipout_box 
                                                  \__shipout_drop_firstpage_...
l.502 \end{enumerate}
                      <./screenshots/sidebar_navigation.png>]
<screenshots/enroll_course.png, id=529, 1443.3925pt x 817.0525pt>
File: screenshots/enroll_course.png Graphic file (type png)
<use screenshots/enroll_course.png>
Package pdftex.def Info: screenshots/enroll_course.png  used on input line 506.
(pdftex.def)             Requested size: 455.24368pt x 257.69705pt.
 [22
pdfTeX warning (ext4): destination with the same identifier (name{figure.0.19}) has been already used, duplicate ignored
<argument> ...shipout:D \box_use:N \l_shipout_box 
                                                  \__shipout_drop_firstpage_...
l.536     \item Y
                 ou must pass to gain access to the course. <./screenshots/enroll_course.png>]
<screenshots/certificate_status.png, id=547, 1213.53375pt x 757.83125pt>
File: screenshots/certificate_status.png Graphic file (type png)
<use screenshots/certificate_status.png>
Package pdftex.def Info: screenshots/certificate_status.png  used on input line 577.
(pdftex.def)             Requested size: 455.24069pt x 284.29008pt.
 [23] [24
pdfTeX warning (ext4): destination with the same identifier (name{figure.0.20}) has been already used, duplicate ignored
<argument> ...shipout:D \box_use:N \l_shipout_box 
                                                  \__shipout_drop_firstpage_...
l.608     \item Y
                 ou will see a detailed breakdown: <./screenshots/certificate_status.png>]
<screenshots/progress_page.png, id=586, 1449.415pt x 787.94376pt>
File: screenshots/progress_page.png Graphic file (type png)
<use screenshots/progress_page.png>
Package pdftex.def Info: screenshots/progress_page.png  used on input line 618.
(pdftex.def)             Requested size: 455.24117pt x 247.48221pt.
 [25
pdfTeX warning (ext4): destination with the same identifier (name{figure.0.21}) has been already used, duplicate ignored
<argument> ...shipout:D \box_use:N \l_shipout_box 
                                                  \__shipout_drop_firstpage_...
l.640 ...dges on Mozilla Backpack (UFR-OE-107-03)}
                                                   <./screenshots/progress_page.png>]
<screenshots/video_player.png, id=606, 1221.56375pt x 902.37125pt>
File: screenshots/video_player.png Graphic file (type png)
<use screenshots/video_player.png>
Package pdftex.def Info: screenshots/video_player.png  used on input line 666.
(pdftex.def)             Requested size: 455.25208pt x 336.29549pt.
 [26]
<screenshots/discussions.png, id=620, 1197.47375pt x 741.77126pt>
File: screenshots/discussions.png Graphic file (type png)
<use screenshots/discussions.png>
Package pdftex.def Info: screenshots/discussions.png  used on input line 681.
(pdftex.def)             Requested size: 455.22748pt x 281.9892pt.
 [27
pdfTeX warning (ext4): destination with the same identifier (name{figure.0.22}) has been already used, duplicate ignored
<argument> ...shipout:D \box_use:N \l_shipout_box 
                                                  \__shipout_drop_firstpage_...
l.684 
       <./screenshots/video_player.png>] [28
pdfTeX warning (ext4): destination with the same identifier (name{figure.0.23}) has been already used, duplicate ignored
<argument> ...shipout:D \box_use:N \l_shipout_box 
                                                  \__shipout_drop_firstpage_...
l.711 \end{itemize}
                    <./screenshots/discussions.png>] [29] [30] [31]
<screenshots/bookmarks.png, id=729, 1604.99625pt x 687.56876pt>
File: screenshots/bookmarks.png Graphic file (type png)
<use screenshots/bookmarks.png>
Package pdftex.def Info: screenshots/bookmarks.png  used on input line 887.
(pdftex.def)             Requested size: 455.24905pt x 195.02539pt.
 [32] [33
pdfTeX warning (ext4): destination with the same identifier (name{figure.0.24}) has been already used, duplicate ignored
<argument> ...shipout:D \box_use:N \l_shipout_box 
                                                  \__shipout_drop_firstpage_...
l.927     \item E
                 xpired notifications are automatically archived. <./screenshots/bookmarks.png>] [34]
Overfull \hbox (42.64938pt too wide) in paragraph at lines 1007--1008
[]\T1/cmr/m/it/12 Security Ar-chi-tec-ture & Threat Model ^^U Moove Ed-u-ca-tion Plat-form \T1/cmr/m/n/12 (Se-cu-rity_OpenEdX.tex) 
 []

[35] (../common/footer.tex [36] (../common/license.tex) [37] (./UserGuide_OpenEdX.aux)
 ***********
LaTeX2e <2025-11-01>
L3 programming layer <2026-01-19>
 ***********
Package rerunfilecheck Info: File `UserGuide_OpenEdX.out' has not changed.
(rerunfilecheck)             Checksum: 92B6E3EBD27A62C4F5D8B6D4DCE69712;6671.
 ) ) 
Here is how much of TeX's memory you used:
 12922 strings out of 467525
 199419 string characters out of 5418983
 629703 words of memory out of 5000000
 41229 multiletter control sequences out of 15000+600000
 637965 words of font info for 60 fonts, out of 8000000 for 9000
 1141 hyphenation exceptions out of 8191
 80i,12n,82p,521b,586s stack positions out of 10000i,1000n,20000p,200000b,200000s
</usr/local/texlive/2026/texmf-dist/fonts/type1/public/cm-super/sfbx1200.pfb></usr/local/texlive/2026/texmf-dist/fonts/type1/public/cm-super/sfbx1440.pfb></usr/local/texlive/2026/texmf-dist/fonts/type1/public/cm-super/sfbx1728.pfb></usr/local/texlive/2026/texmf-dist/fonts/type1/public/cm-super/sfbx2488.pfb></usr/local/texlive/2026/texmf-dist/fonts/type1/public/cm-super/sfrm1200.pfb></usr/local/texlive/2026/texmf-dist/fonts/type1/public/cm-super/sfrm1440.pfb></usr/local/texlive/2026/texmf-dist/fonts/type1/public/cm-super/sfrm1728.pfb></usr/local/texlive/2026/texmf-dist/fonts/type1/public/cm-super/sfti1200.pfb></usr/local/texlive/2026/texmf-dist/fonts/type1/public/cm-super/sftt1200.pfb>
Output written on UserGuide_OpenEdX.pdf (38 pages, 4963937 bytes).
PDF statistics:
 939 PDF objects out of 1000 (max. 8388607)
 821 compressed objects within 9 object streams
 457 named destinations out of 1000 (max. 500000)
 414 words of extra memory for PDF output out of 10000 (max. 10000000)

