This is pdfTeX, Version 3.141592653-2.6-1.40.29 (TeX Live 2026) (preloaded format=pdflatex 2026.4.6)  21 JUL 2026 12:58
entering extended mode
 restricted \write18 enabled.
 file:line:error style messages enabled.
 %&-line parsing enabled.
**/Users/macbookpro/educationvirtual.net/moove-openedx-docs/Security/Security_OpenEdX.tex
(/Users/macbookpro/educationvirtual.net/moove-openedx-docs/Security/Security_OpenEdX.tex
LaTeX2e <2025-11-01>
L3 programming layer <2026-01-19>
(../common/preamble.tex (/usr/local/texlive/2026/texmf-dist/tex/latex/base/report.cls
Document Class: report 2025/01/22 v1.4n Standard LaTeX document class
(/usr/local/texlive/2026/texmf-dist/tex/latex/base/size12.clo
File: size12.clo 2025/01/22 v1.4n Standard LaTeX file (size option)
)
\c@part=\count275
\c@chapter=\count276
\c@section=\count277
\c@subsection=\count278
\c@subsubsection=\count279
\c@paragraph=\count280
\c@subparagraph=\count281
\c@figure=\count282
\c@table=\count283
\abovecaptionskip=\skip49
\belowcaptionskip=\skip50
\bibindent=\dimen148
) (/usr/local/texlive/2026/texmf-dist/tex/latex/base/inputenc.sty
Package: inputenc 2024/02/08 v1.3d Input encoding file
\inpenc@prehook=\toks17
\inpenc@posthook=\toks18
) (/usr/local/texlive/2026/texmf-dist/tex/latex/base/fontenc.sty
Package: fontenc 2025/07/18 v2.1d Standard LaTeX package
) (/usr/local/texlive/2026/texmf-dist/tex/latex/geometry/geometry.sty
Package: geometry 2026/03/07 v6.0 Page Geometry
 (/usr/local/texlive/2026/texmf-dist/tex/latex/graphics/keyval.sty
Package: keyval 2022/05/29 v1.15 key=value parser (DPC)
\KV@toks@=\toks19
) (/usr/local/texlive/2026/texmf-dist/tex/generic/iftex/ifvtex.sty
Package: ifvtex 2019/10/25 v1.7 ifvtex legacy package. Use iftex instead.
 (/usr/local/texlive/2026/texmf-dist/tex/generic/iftex/iftex.sty
Package: iftex 2024/12/12 v1.0g TeX engine tests
))
\Gm@cnth=\count284
\Gm@cntv=\count285
\c@Gm@tempcnt=\count286
\Gm@bindingoffset=\dimen149
\Gm@wd@mp=\dimen150
\Gm@odd@mp=\dimen151
\Gm@even@mp=\dimen152
\Gm@layoutwidth=\dimen153
\Gm@layoutheight=\dimen154
\Gm@layouthoffset=\dimen155
\Gm@layoutvoffset=\dimen156
\Gm@dimlist=\toks20
) (/usr/local/texlive/2026/texmf-dist/tex/latex/graphics/graphicx.sty
Package: graphicx 2024/12/31 v1.2e Enhanced LaTeX Graphics (DPC,SPQR)
 (/usr/local/texlive/2026/texmf-dist/tex/latex/graphics/graphics.sty
Package: graphics 2024/08/06 v1.4g Standard LaTeX Graphics (DPC,SPQR)
 (/usr/local/texlive/2026/texmf-dist/tex/latex/graphics/trig.sty
Package: trig 2023/12/02 v1.11 sin cos tan (DPC)
) (/usr/local/texlive/2026/texmf-dist/tex/latex/graphics-cfg/graphics.cfg
File: graphics.cfg 2016/06/04 v1.11 sample graphics configuration
)
Package graphics Info: Driver file: pdftex.def on input line 106.
 (/usr/local/texlive/2026/texmf-dist/tex/latex/graphics-def/pdftex.def
File: pdftex.def 2025/09/29 v1.2d Graphics/color driver for pdftex
))
\Gin@req@height=\dimen157
\Gin@req@width=\dimen158
) (/usr/local/texlive/2026/texmf-dist/tex/latex/xcolor/xcolor.sty
Package: xcolor 2024/09/29 v3.02 LaTeX color extensions (UK)
 (/usr/local/texlive/2026/texmf-dist/tex/latex/graphics-cfg/color.cfg
File: color.cfg 2016/01/02 v1.6 sample color configuration
)
Package xcolor Info: Driver file: pdftex.def on input line 274.
 (/usr/local/texlive/2026/texmf-dist/tex/latex/graphics/mathcolor.ltx)
Package xcolor Info: Model `cmy' substituted by `cmy0' on input line 1349.
Package xcolor Info: Model `hsb' substituted by `rgb' on input line 1353.
Package xcolor Info: Model `RGB' extended on input line 1365.
Package xcolor Info: Model `HTML' substituted by `rgb' on input line 1367.
Package xcolor Info: Model `Hsb' substituted by `hsb' on input line 1368.
Package xcolor Info: Model `tHsb' substituted by `hsb' on input line 1369.
Package xcolor Info: Model `HSB' substituted by `hsb' on input line 1370.
Package xcolor Info: Model `Gray' substituted by `gray' on input line 1371.
Package xcolor Info: Model `wave' substituted by `hsb' on input line 1372.
) (/usr/local/texlive/2026/texmf-dist/tex/latex/fancyhdr/fancyhdr.sty
Package: fancyhdr 2025/02/07 v5.2 Extensive control of page headers and footers
\f@nch@headwidth=\skip51
\f@nch@offset@elh=\skip52
\f@nch@offset@erh=\skip53
\f@nch@offset@olh=\skip54
\f@nch@offset@orh=\skip55
\f@nch@offset@elf=\skip56
\f@nch@offset@erf=\skip57
\f@nch@offset@olf=\skip58
\f@nch@offset@orf=\skip59
\f@nch@height=\skip60
\f@nch@footalignment=\skip61
\f@nch@widthL=\skip62
\f@nch@widthC=\skip63
\f@nch@widthR=\skip64
\@temptokenb=\toks21
) (/usr/local/texlive/2026/texmf-dist/tex/latex/titlesec/titlesec.sty
Package: titlesec 2025/01/04 v2.17 Sectioning titles
\ttl@box=\box53
\beforetitleunit=\skip65
\aftertitleunit=\skip66
\ttl@plus=\dimen159
\ttl@minus=\dimen160
\ttl@toksa=\toks22
\titlewidth=\dimen161
\titlewidthlast=\dimen162
\titlewidthfirst=\dimen163
) (/usr/local/texlive/2026/texmf-dist/tex/latex/hyperref/hyperref.sty
Package: hyperref 2026-01-29 v7.01p Hypertext links for LaTeX
 (/usr/local/texlive/2026/texmf-dist/tex/latex/kvsetkeys/kvsetkeys.sty
Package: kvsetkeys 2022-10-05 v1.19 Key value parser (HO)
) (/usr/local/texlive/2026/texmf-dist/tex/generic/kvdefinekeys/kvdefinekeys.sty
Package: kvdefinekeys 2019-12-19 v1.6 Define keys (HO)
) (/usr/local/texlive/2026/texmf-dist/tex/generic/pdfescape/pdfescape.sty
Package: pdfescape 2019/12/09 v1.15 Implements pdfTeX's escape features (HO)
 (/usr/local/texlive/2026/texmf-dist/tex/generic/ltxcmds/ltxcmds.sty
Package: ltxcmds 2023-12-04 v1.26 LaTeX kernel commands for general use (HO)
) (/usr/local/texlive/2026/texmf-dist/tex/generic/pdftexcmds/pdftexcmds.sty
Package: pdftexcmds 2020-06-27 v0.33 Utility functions of pdfTeX for LuaTeX (HO)
 (/usr/local/texlive/2026/texmf-dist/tex/generic/infwarerr/infwarerr.sty
Package: infwarerr 2019/12/03 v1.5 Providing info/warning/error messages (HO)
)
Package pdftexcmds Info: \pdf@primitive is available.
Package pdftexcmds Info: \pdf@ifprimitive is available.
Package pdftexcmds Info: \pdfdraftmode found.
)) (/usr/local/texlive/2026/texmf-dist/tex/latex/hycolor/hycolor.sty
Package: hycolor 2020-01-27 v1.10 Color options for hyperref/bookmark (HO)
) (/usr/local/texlive/2026/texmf-dist/tex/latex/hyperref/nameref.sty
Package: nameref 2026-01-29 v2.58 Cross-referencing by name of section
 (/usr/local/texlive/2026/texmf-dist/tex/latex/refcount/refcount.sty
Package: refcount 2019/12/15 v3.6 Data extraction from label references (HO)
) (/usr/local/texlive/2026/texmf-dist/tex/generic/gettitlestring/gettitlestring.sty
Package: gettitlestring 2019/12/15 v1.6 Cleanup title references (HO)
 (/usr/local/texlive/2026/texmf-dist/tex/latex/kvoptions/kvoptions.sty
Package: kvoptions 2022-06-15 v3.15 Key value format for package options (HO)
))
\c@section@level=\count287
) (/usr/local/texlive/2026/texmf-dist/tex/latex/etoolbox/etoolbox.sty
Package: etoolbox 2025/10/02 v2.5m e-TeX tools for LaTeX (JAW)
\etb@tempcnta=\count288
) (/usr/local/texlive/2026/texmf-dist/tex/generic/stringenc/stringenc.sty
Package: stringenc 2019/11/29 v1.12 Convert strings between diff. encodings (HO)
)
\@linkdim=\dimen164
\Hy@linkcounter=\count289
\Hy@pagecounter=\count290
 (/usr/local/texlive/2026/texmf-dist/tex/latex/hyperref/pd1enc.def
File: pd1enc.def 2026-01-29 v7.01p Hyperref: PDFDocEncoding definition (HO)
Now handling font encoding PD1 ...
... no UTF-8 mapping file for font encoding PD1
) (/usr/local/texlive/2026/texmf-dist/tex/generic/intcalc/intcalc.sty
Package: intcalc 2019/12/15 v1.3 Expandable calculations with integers (HO)
)
\Hy@SavedSpaceFactor=\count291
 (/usr/local/texlive/2026/texmf-dist/tex/latex/hyperref/puenc.def
File: puenc.def 2026-01-29 v7.01p Hyperref: PDF Unicode definition (HO)
Now handling font encoding PU ...
... no UTF-8 mapping file for font encoding PU
)
Package hyperref Info: Hyper figures OFF on input line 4201.
Package hyperref Info: Link nesting OFF on input line 4206.
Package hyperref Info: Hyper index ON on input line 4209.
Package hyperref Info: Plain pages OFF on input line 4216.
Package hyperref Info: Backreferencing OFF on input line 4221.
Package hyperref Info: Implicit mode ON; LaTeX internals redefined.
Package hyperref Info: Bookmarks ON on input line 4468.
\c@Hy@tempcnt=\count292
 (/usr/local/texlive/2026/texmf-dist/tex/latex/url/url.sty
\Urlmuskip=\muskip17
Package: url 2013/09/16  ver 3.4  Verb mode for urls, etc.
)
LaTeX Info: Redefining \url on input line 4807.
\XeTeXLinkMargin=\dimen165
 (/usr/local/texlive/2026/texmf-dist/tex/generic/bitset/bitset.sty
Package: bitset 2019/12/09 v1.3 Handle bit-vector datatype (HO)
 (/usr/local/texlive/2026/texmf-dist/tex/generic/bigintcalc/bigintcalc.sty
Package: bigintcalc 2019/12/15 v1.5 Expandable calculations on big integers (HO)
))
\Fld@menulength=\count293
\Field@Width=\dimen166
\Fld@charsize=\dimen167
Package hyperref Info: Hyper figures OFF on input line 6084.
Package hyperref Info: Link nesting OFF on input line 6089.
Package hyperref Info: Hyper index ON on input line 6092.
Package hyperref Info: backreferencing OFF on input line 6099.
Package hyperref Info: Link coloring OFF on input line 6104.
Package hyperref Info: Link coloring with OCG OFF on input line 6109.
Package hyperref Info: PDF/A mode OFF on input line 6114.
\Hy@abspage=\count294
\c@Item=\count295
\c@Hfootnote=\count296
)
Package hyperref Info: Driver (autodetected): hpdftex.
 (/usr/local/texlive/2026/texmf-dist/tex/latex/hyperref/hpdftex.def
File: hpdftex.def 2026-01-29 v7.01p Hyperref driver for pdfTeX
\Fld@listcount=\count297
\c@bookmark@seq@number=\count298
 (/usr/local/texlive/2026/texmf-dist/tex/latex/rerunfilecheck/rerunfilecheck.sty
Package: rerunfilecheck 2025-06-21 v1.11 Rerun checks for auxiliary files (HO)
 (/usr/local/texlive/2026/texmf-dist/tex/generic/uniquecounter/uniquecounter.sty
Package: uniquecounter 2019/12/15 v1.4 Provide unlimited unique counter (HO)
)
Package uniquecounter Info: New unique counter `rerunfilecheck' on input line 284.
)
\Hy@SectionHShift=\skip67
) (/usr/local/texlive/2026/texmf-dist/tex/latex/enumitem/enumitem.sty
Package: enumitem 2025/02/06 v3.11 Customized lists
\labelindent=\skip68
\enit@outerparindent=\dimen168
\enit@toks=\toks23
\enit@inbox=\box54
\enit@count@id=\count299
\enitdp@description=\count300
) (/usr/local/texlive/2026/texmf-dist/tex/latex/tools/tabularx.sty
Package: tabularx 2023/12/11 v2.12a `tabularx' package (DPC)
 (/usr/local/texlive/2026/texmf-dist/tex/latex/tools/array.sty
Package: array 2025/09/25 v2.6n Tabular extension package (FMi)
\col@sep=\dimen169
\ar@mcellbox=\box55
\extrarowheight=\dimen170
\NC@list=\toks24
\extratabsurround=\skip69
\backup@length=\skip70
\ar@cellbox=\box56
)
\TX@col@width=\dimen171
\TX@old@table=\dimen172
\TX@old@col=\dimen173
\TX@target=\dimen174
\TX@delta=\dimen175
\TX@cols=\count301
\TX@ftn=\toks25
) (/usr/local/texlive/2026/texmf-dist/tex/latex/tools/longtable.sty
Package: longtable 2025-10-13 v4.24 Multi-page Table package (DPC)
\LTleft=\skip71
\LTright=\skip72
\LTpre=\skip73
\LTpost=\skip74
\LTchunksize=\count302
\LTcapwidth=\dimen176
\LT@head=\box57
\LT@firsthead=\box58
\LT@foot=\box59
\LT@lastfoot=\box60
\LT@gbox=\box61
\LT@cols=\count303
\LT@rows=\count304
\c@LT@tables=\count305
\c@LT@chunks=\count306
\LT@p@ftn=\toks26
) (/usr/local/texlive/2026/texmf-dist/tex/latex/listings/listings.sty
\lst@mode=\count307
\lst@gtempboxa=\box62
\lst@token=\toks27
\lst@length=\count308
\lst@currlwidth=\dimen177
\lst@column=\count309
\lst@pos=\count310
\lst@lostspace=\dimen178
\lst@width=\dimen179
\lst@newlines=\count311
\lst@lineno=\count312
\lst@maxwidth=\dimen180
 (/usr/local/texlive/2026/texmf-dist/tex/latex/listings/lstpatch.sty
File: lstpatch.sty 2025/11/14 1.11b (Carsten Heinz)
) (/usr/local/texlive/2026/texmf-dist/tex/latex/listings/lstmisc.sty
File: lstmisc.sty 2025/11/14 1.11b (Carsten Heinz)
\c@lstnumber=\count313
\lst@skipnumbers=\count314
\lst@framebox=\box63
) (/usr/local/texlive/2026/texmf-dist/tex/latex/listings/listings.cfg
File: listings.cfg 2025/11/14 1.11b listings configuration
))
Package: listings 2025/11/14 1.11b (Carsten Heinz)

==> First Aid for listings.sty no longer applied!
    Expected:
        2024/09/23 1.10c (Carsten Heinz)
    but found:
        2025/11/14 1.11b (Carsten Heinz)
    so I'm assuming it got fixed.
(/usr/local/texlive/2026/texmf-dist/tex/latex/float/float.sty
Package: float 2001/11/08 v1.3d Float enhancements (AL)
\c@float@type=\count315
\float@exts=\toks28
\float@box=\box64
\@float@everytoks=\toks29
\@floatcapt=\box65
)) (/usr/local/texlive/2026/texmf-dist/tex/latex/caption/caption.sty
Package: caption 2023/08/05 v3.6o Customizing captions (AR)
 (/usr/local/texlive/2026/texmf-dist/tex/latex/caption/caption3.sty
Package: caption3 2023/07/31 v2.4d caption3 kernel (AR)
\caption@tempdima=\dimen181
\captionmargin=\dimen182
\caption@leftmargin=\dimen183
\caption@rightmargin=\dimen184
\caption@width=\dimen185
\caption@indent=\dimen186
\caption@parindent=\dimen187
\caption@hangindent=\dimen188
Package caption Info: Standard document class detected.
)
\c@caption@flags=\count316
\c@continuedfloat=\count317
Package caption Info: float package is loaded.
Package caption Info: hyperref package is loaded.
Package caption Info: listings package is loaded.
Package caption Info: longtable package is loaded.
 (/usr/local/texlive/2026/texmf-dist/tex/latex/caption/ltcaption.sty
Package: ltcaption 2021/01/08 v1.4c longtable captions (AR)
)) (/usr/local/texlive/2026/texmf-dist/tex/latex/colortbl/colortbl.sty
Package: colortbl 2024/10/29 v1.0k Color table columns (DPC)
\everycr=\toks30
\minrowclearance=\skip75
\rownum=\count318
) (/usr/local/texlive/2026/texmf-dist/tex/latex/l3backend/l3backend-pdftex.def
File: l3backend-pdftex.def 2025-10-09 L3 backend support: PDF output (pdfTeX)
\l__color_backend_stack_int=\count319
) (./Security_OpenEdX.aux)
\openout1 = `Security_OpenEdX.aux'.

LaTeX Font Info:    Checking defaults for OML/cmm/m/it on input line 18.
LaTeX Font Info:    ... okay on input line 18.
LaTeX Font Info:    Checking defaults for OMS/cmsy/m/n on input line 18.
LaTeX Font Info:    ... okay on input line 18.
LaTeX Font Info:    Checking defaults for OT1/cmr/m/n on input line 18.
LaTeX Font Info:    ... okay on input line 18.
LaTeX Font Info:    Checking defaults for T1/cmr/m/n on input line 18.
LaTeX Font Info:    ... okay on input line 18.
LaTeX Font Info:    Checking defaults for TS1/cmr/m/n on input line 18.
LaTeX Font Info:    ... okay on input line 18.
LaTeX Font Info:    Checking defaults for OMX/cmex/m/n on input line 18.
LaTeX Font Info:    ... okay on input line 18.
LaTeX Font Info:    Checking defaults for U/cmr/m/n on input line 18.
LaTeX Font Info:    ... okay on input line 18.
LaTeX Font Info:    Checking defaults for PD1/pdf/m/n on input line 18.
LaTeX Font Info:    ... okay on input line 18.
LaTeX Font Info:    Checking defaults for PU/pdf/m/n on input line 18.
LaTeX Font Info:    ... okay on input line 18.

*geometry* driver: auto-detecting
*geometry* detected driver: pdftex
*geometry* verbose mode - [ preamble ] result:
* driver: pdftex
* paper: a4paper
* layout: <same size as paper>
* layoutoffset:(h,v)=(0.0pt,0.0pt)
* modes: 
* h-part:(L,W,R)=(71.13188pt, 455.24411pt, 71.13188pt)
* v-part:(T,H,B)=(71.13188pt, 702.78308pt, 71.13188pt)
* \paperwidth=597.50787pt
* \paperheight=845.04684pt
* \textwidth=455.24411pt
* \textheight=702.78308pt
* \oddsidemargin=-1.1381pt
* \evensidemargin=-1.1381pt
* \topmargin=-50.7881pt
* \headheight=24.65pt
* \headsep=25.0pt
* \topskip=12.0pt
* \footskip=42.67912pt
* \marginparwidth=35.0pt
* \marginparsep=10.0pt
* \columnsep=10.0pt
* \skip\footins=10.8pt plus 4.0pt minus 2.0pt
* \hoffset=0.0pt
* \voffset=0.0pt
* \mag=1000
* \@twocolumnfalse
* \@twosidefalse
* \@mparswitchfalse
* \@reversemarginfalse
* (1in=72.27pt=25.4mm, 1cm=28.453pt)

(/usr/local/texlive/2026/texmf-dist/tex/context/base/mkii/supp-pdf.mkii
[Loading MPS to PDF converter (version 2006.09.02).]
\scratchcounter=\count320
\scratchdimen=\dimen189
\scratchbox=\box66
\nofMPsegments=\count321
\nofMParguments=\count322
\everyMPshowfont=\toks31
\MPscratchCnt=\count323
\MPscratchDim=\dimen190
\MPnumerator=\count324
\makeMPintoPDFobject=\count325
\everyMPtoPDFconversion=\toks32
) (/usr/local/texlive/2026/texmf-dist/tex/latex/epstopdf-pkg/epstopdf-base.sty
Package: epstopdf-base 2020-01-24 v2.11 Base part for package epstopdf
Package epstopdf-base Info: Redefining graphics rule for `.eps' on input line 485.
 (/usr/local/texlive/2026/texmf-dist/tex/latex/latexconfig/epstopdf-sys.cfg
File: epstopdf-sys.cfg 2010/07/13 v1.3 Configuration of (r)epstopdf for TeX Live
))
Package hyperref Info: Link coloring OFF on input line 18.
 (./Security_OpenEdX.out) (./Security_OpenEdX.out)
\@outlinefile=\write3
\openout3 = `Security_OpenEdX.out'.

\c@lstlisting=\count326
Package caption Info: Begin \AtBeginDocument code.
Package caption Info: End \AtBeginDocument code.
 (../common/cover.tex
<../logo.png, id=283, 1712.3975pt x 1174.3875pt>
File: ../logo.png Graphic file (type png)
<use ../logo.png>
Package pdftex.def Info: ../logo.png  used on input line 4.
(pdftex.def)             Requested size: 142.26378pt x 97.55476pt.
 [1

{/usr/local/texlive/2026/texmf-var/fonts/map/pdftex/updmap/pdftex.map}{/usr/local/texlive/2026/texmf-dist/fonts/enc/dvips/cm-super/cm-super-t1.enc} <../logo.png>]) (./Security_OpenEdX.toc
LaTeX Font Info:    External font `cmex10' loaded for size
(Font)              <12> on input line 1.
LaTeX Font Info:    External font `cmex10' loaded for size
(Font)              <8> on input line 1.
LaTeX Font Info:    External font `cmex10' loaded for size
(Font)              <6> on input line 1.

pdfTeX warning (ext4): destination with the same identifier (name{page.1}) has been already used, duplicate ignored
<to be read again> 
                   \relax 
l.49 ...lamation Compliance}{26}{subsection.0.9.3}
                                                  % [1

])
\tf@toc=\write4
\openout4 = `Security_OpenEdX.toc'.

 [2] (./Security_OpenEdX.lot)
\tf@lot=\write5
\openout5 = `Security_OpenEdX.lot'.

 [3

] (./Security_OpenEdX.lof)
\tf@lof=\write6
\openout6 = `Security_OpenEdX.lof'.

 [4

] [5{/usr/local/texlive/2026/texmf-dist/fonts/enc/dvips/cm-super/cm-super-ts1.enc}] [6] [7] [8]
Overfull \hbox (6.42233pt too wide) in paragraph at lines 192--193
[]\T1/cmr/m/n/12 Any data, de-vice, or other com-po-nent of the en-vi-ron-ment that sup-ports information-
 []


Overfull \hbox (3.1203pt too wide) in paragraph at lines 196--197
[]\T1/cmr/m/n/12 The prop-erty of safe-guard-ing the ac-cu-racy and com-plete-ness of as-sets (ISO/IEC
 []

[9]
Overfull \hbox (3.59232pt too wide) in paragraph at lines 236--237
[]\T1/cmr/bx/n/12 Hosting Provider\T1/cmr/m/n/12 : Het-zner (KVM vir-tu-al-iza-tion) through Web Host-ing in Ethiopia
 []


Overfull \hbox (47.30933pt too wide) in paragraph at lines 238--239
[]\T1/cmr/bx/n/12 Secrets Man-age-ment\T1/cmr/m/n/12 : All hard-coded se-crets ro-tated and stored se-curely (CRIT[]03,04,05,06
 []


Overfull \hbox (8.24933pt too wide) in paragraph at lines 243--244
[]\T1/cmr/bx/n/12 Security Head-ers\T1/cmr/m/n/12 : `X-Frame-Options: SAME-O-RI-GIN` present (HIGH[]09 re-solved). 
 []


Overfull \hbox (49.80846pt too wide) in alignment at lines 252--259
 [] [] [] [] 
 []


Overfull \hbox (49.80846pt too wide) in alignment at lines 259--264
 [] [] [] [] 
 []


Overfull \hbox (49.80846pt too wide) in alignment at lines 264--268
 [] [] [] [] 
 []


Overfull \hbox (49.80846pt too wide) in alignment at lines 268--270
 [] [] [] [] 
 []


Overfull \hbox (49.80846pt too wide) in alignment at lines 270--283
 [] [] [] [] 
 []

[10]

Package caption Warning: The option `hypcap=true' will be ignored for this
(caption)                particular \caption on input line 303.
See the caption package documentation for explanation.


Underfull \hbox (badness 2772) in paragraph at lines 314--314
[]|\T1/cmr/m/n/12 All crit-i-cal find-ings re-solved: Tu-tor root, UFW,
 []

[11]
Overfull \hbox (9.47218pt too wide) in paragraph at lines 330--330
[]|[]\T1/cmr/bx/n/12 Classification[]| 
 []


Overfull \hbox (4.47275pt too wide) in alignment at lines 325--332
 [] [] [] [] 
 []


Overfull \hbox (9.47218pt too wide) in paragraph at lines 335--335
[]|[]\T1/cmr/bx/n/12 Classification[]| 
 []


Overfull \hbox (4.47275pt too wide) in alignment at lines 332--337
 [] [] [] [] 
 []


Overfull \hbox (4.47275pt too wide) in alignment at lines 337--341
 [] [] [] [] 
 []


Overfull \hbox (4.47275pt too wide) in alignment at lines 341--343
 [] [] [] [] 
 []


Underfull \hbox (badness 5203) in paragraph at lines 344--344
[]|\T1/cmr/m/n/12 Learner PII (name,
 []


Overfull \hbox (24.68507pt too wide) in paragraph at lines 344--344
[]|\T1/cmr/m/n/12 CONFIDENTIAL| 
 []


Overfull \hbox (24.68507pt too wide) in paragraph at lines 345--345
[]|\T1/cmr/m/n/12 CONFIDENTIAL| 
 []


Underfull \hbox (badness 10000) in paragraph at lines 346--346
[]|\T1/cmr/m/n/12 Authentication cre-
 []


Underfull \hbox (badness 10000) in paragraph at lines 348--348
[]|\T1/cmr/m/n/12 JWT RSA Pri-vate
 []


Overfull \hbox (24.68507pt too wide) in paragraph at lines 349--349
[]|\T1/cmr/m/n/12 CONFIDENTIAL| 
 []


Underfull \hbox (badness 10000) in paragraph at lines 349--350
[]|\T1/cmr/m/n/12 Backups con-fig-ured
 []


Underfull \hbox (badness 10000) in paragraph at lines 350--351
[]|\T1/cmr/m/n/12 /var/log/, con-tainer
 []


Underfull \hbox (badness 6428) in paragraph at lines 351--351
[]|\T1/cmr/m/n/12 Public course cat-a-
 []


Overfull \hbox (24.68507pt too wide) in paragraph at lines 352--352
[]|\T1/cmr/m/n/12 CONFIDENTIAL| 
 []


Underfull \hbox (badness 10000) in paragraph at lines 352--353
[]|\T1/cmr/m/n/12 /home/tutor/tutor-
 []


Overfull \hbox (4.47275pt too wide) in alignment at lines 343--354
 [] [] [] [] 
 []


Package caption Warning: The option `hypcap=true' will be ignored for this
(caption)                particular \caption on input line 359.
See the caption package documentation for explanation.

[12]
Overfull \hbox (5.15977pt too wide) in paragraph at lines 395--395
[]|[]\T1/cmr/bx/n/12 Impact[]| 
 []


Overfull \hbox (25.08545pt too wide) in paragraph at lines 395--395
[]|[]\T1/cmr/bx/n/12 Likelihood[]| 
 []


Overfull \hbox (5.15977pt too wide) in paragraph at lines 400--400
[]|[]\T1/cmr/bx/n/12 Impact[]| 
 []


Overfull \hbox (25.08545pt too wide) in paragraph at lines 400--400
[]|[]\T1/cmr/bx/n/12 Likelihood[]| 
 []


Underfull \hbox (badness 10000) in paragraph at lines 409--409
[]|\T1/cmr/m/n/12 T-
 []


Underfull \hbox (badness 10000) in paragraph at lines 409--409
\T1/cmr/m/n/12 GOV-
 []


Underfull \hbox (badness 1817) in paragraph at lines 409--409
[]|\T1/cmr/m/n/12 Non-compliance with
 []


Underfull \hbox (badness 10000) in paragraph at lines 409--409
\T1/cmr/m/n/12 C-SRS re-quire-ments
 []


Overfull \hbox (15.11566pt too wide) in paragraph at lines 409--409
[]|\T1/cmr/m/n/12 MEDIUM| 
 []


Underfull \hbox (badness 10000) in paragraph at lines 409--410
[]|\T1/cmr/m/n/12 HIGH
 []


Underfull \hbox (badness 10000) in paragraph at lines 409--410
\T1/cmr/m/n/12 (mit-i-
 []


Underfull \hbox (badness 10000) in paragraph at lines 409--410
\T1/cmr/m/n/12 gated
 []


Underfull \hbox (badness 10000) in paragraph at lines 409--410
\T1/cmr/m/n/12 doc-u-
 []


Underfull \hbox (badness 10000) in paragraph at lines 410--410
[]|\T1/cmr/m/n/12 T-
 []


Underfull \hbox (badness 10000) in paragraph at lines 410--410
\T1/cmr/m/n/12 GOV-
 []


Overfull \hbox (15.11566pt too wide) in paragraph at lines 410--411
[]|\T1/cmr/m/n/12 MEDIUM| 
 []


Underfull \hbox (badness 10000) in paragraph at lines 411--411
[]|\T1/cmr/m/n/12 T-
 []


Underfull \hbox (badness 10000) in paragraph at lines 411--411
\T1/cmr/m/n/12 GOV-
 []


Underfull \hbox (badness 2277) in paragraph at lines 411--411
[]|\T1/cmr/m/n/12 Lack of for-mal risk
 []


Underfull \hbox (badness 1997) in paragraph at lines 411--411
[]|\T1/cmr/m/n/12 No doc-u-mented risk
 []


Underfull \hbox (badness 10000) in paragraph at lines 411--411
\T1/cmr/m/n/12 as-sess-ment pro-cess
 []


Underfull \hbox (badness 10000) in paragraph at lines 411--411
\T1/cmr/m/n/12 (ad-dressed in this
 []


Overfull \hbox (15.11566pt too wide) in paragraph at lines 411--411
[]|\T1/cmr/m/n/12 MEDIUM| 
 []


Overfull \hbox (15.11566pt too wide) in paragraph at lines 411--411
[]|\T1/cmr/m/n/12 MEDIUM| 
 []


Overfull \hbox (15.11566pt too wide) in paragraph at lines 411--412
[]|\T1/cmr/m/n/12 MEDIUM| 
 []


Underfull \hbox (badness 10000) in paragraph at lines 412--412
[]|\T1/cmr/m/n/12 T-
 []


Underfull \hbox (badness 10000) in paragraph at lines 412--412
\T1/cmr/m/n/12 GOV-
 []


Underfull \hbox (badness 10000) in paragraph at lines 412--412
[]|\T1/cmr/m/n/12 Insufficient se-cu-rity
 []


Underfull \hbox (badness 1320) in paragraph at lines 412--412
[]|\T1/cmr/m/n/12 Top lead-er-ship must
 []


Underfull \hbox (badness 3471) in paragraph at lines 412--412
\T1/cmr/m/n/12 nual bud-get to cy-
 []


Overfull \hbox (15.11566pt too wide) in paragraph at lines 412--412
[]|\T1/cmr/m/n/12 MEDIUM| 
 []


Underfull \hbox (badness 10000) in paragraph at lines 413--413
[]|\T1/cmr/m/n/12 T-
 []


Underfull \hbox (badness 10000) in paragraph at lines 413--413
\T1/cmr/m/n/12 GOV-
 []


Underfull \hbox (badness 10000) in paragraph at lines 413--413
[]|\T1/cmr/m/n/12 CMCSRS re-quires
 []


Underfull \hbox (badness 10000) in paragraph at lines 413--413
\T1/cmr/m/n/12 organizational-level
 []


Underfull \hbox (badness 10000) in paragraph at lines 413--413
\T1/cmr/m/n/12 se-cu-rity com-mit-tee
 []


Underfull \hbox (badness 10000) in paragraph at lines 414--414
[]|\T1/cmr/m/n/12 T-
 []


Underfull \hbox (badness 10000) in paragraph at lines 414--414
\T1/cmr/m/n/12 GOV-
 []


Underfull \hbox (badness 10000) in paragraph at lines 414--414
[]|\T1/cmr/m/n/12 No CISO/security
 []


ignored: Infinite glue shrinkage found in box being split [13]
Overfull \hbox (5.15977pt too wide) in paragraph at lines 426--426
[]|[]\T1/cmr/bx/n/12 Impact[]| 
 []


Overfull \hbox (25.08545pt too wide) in paragraph at lines 426--426
[]|[]\T1/cmr/bx/n/12 Likelihood[]| 
 []


Overfull \hbox (5.15977pt too wide) in paragraph at lines 431--431
[]|[]\T1/cmr/bx/n/12 Impact[]| 
 []


Overfull \hbox (25.08545pt too wide) in paragraph at lines 431--431
[]|[]\T1/cmr/bx/n/12 Likelihood[]| 
 []


Underfull \hbox (badness 10000) in paragraph at lines 440--440
[]|\T1/cmr/m/n/12 T-
 []


Underfull \hbox (badness 10000) in paragraph at lines 440--440
\T1/cmr/m/n/12 HUM-
 []


Underfull \hbox (badness 4391) in paragraph at lines 440--440
[]|\T1/cmr/m/n/12 Staff with ex-ces-sive
 []


Underfull \hbox (badness 2600) in paragraph at lines 440--440
\T1/cmr/m/n/12 priv-i-leges may com-
 []


Overfull \hbox (15.11566pt too wide) in paragraph at lines 440--440
[]|\T1/cmr/m/n/12 MEDIUM| 
 []


Underfull \hbox (badness 10000) in paragraph at lines 441--441
[]|\T1/cmr/m/n/12 T-
 []


Underfull \hbox (badness 10000) in paragraph at lines 441--441
\T1/cmr/m/n/12 HUM-
 []


Overfull \hbox (15.11566pt too wide) in paragraph at lines 441--442
[]|\T1/cmr/m/n/12 MEDIUM| 
 []


Underfull \hbox (badness 10000) in paragraph at lines 442--442
[]|\T1/cmr/m/n/12 T-
 []


Underfull \hbox (badness 10000) in paragraph at lines 442--442
\T1/cmr/m/n/12 HUM-
 []


Underfull \hbox (badness 10000) in paragraph at lines 442--442
[]|\T1/cmr/m/n/12 Incomplete in-ci-dent
 []


Underfull \hbox (badness 7362) in paragraph at lines 442--442
[]|\T1/cmr/m/n/12 No doc-u-mented IR
 []


Underfull \hbox (badness 10000) in paragraph at lines 442--442
\T1/cmr/m/n/12 plan; fail2ban in-
 []


Overfull \hbox (15.11566pt too wide) in paragraph at lines 442--442
[]|\T1/cmr/m/n/12 MEDIUM| 
 []


Underfull \hbox (badness 10000) in paragraph at lines 443--443
[]|\T1/cmr/m/n/12 T-
 []


Underfull \hbox (badness 10000) in paragraph at lines 443--443
\T1/cmr/m/n/12 HUM-
 []


Underfull \hbox (badness 10000) in paragraph at lines 443--443
[]|\T1/cmr/m/n/12 Insufficient se-cu-rity
 []


Underfull \hbox (badness 10000) in paragraph at lines 443--443
[]|\T1/cmr/m/n/12 No for-mal se-cu-rity
 []


Underfull \hbox (badness 10000) in paragraph at lines 443--443
\T1/cmr/m/n/12 aware-ness pro-gram
 []


Underfull \hbox (badness 10000) in paragraph at lines 444--444
[]|\T1/cmr/m/n/12 T-
 []


Underfull \hbox (badness 10000) in paragraph at lines 444--444
\T1/cmr/m/n/12 HUM-
 []


Underfull \hbox (badness 10000) in paragraph at lines 444--444
[]|\T1/cmr/m/n/12 Personnel ac-cess-ing
 []


Underfull \hbox (badness 2229) in paragraph at lines 444--444
\T1/cmr/m/n/12 clas-si-fied as-sets lack
 []


Underfull \hbox (badness 10000) in paragraph at lines 444--444
\T1/cmr/m/n/12 clear-ance (CM-C-SRS
 []


Underfull \hbox (badness 10000) in paragraph at lines 445--445
[]|\T1/cmr/m/n/12 T-
 []


Underfull \hbox (badness 10000) in paragraph at lines 445--445
\T1/cmr/m/n/12 HUM-
 []


Overfull \hbox (5.15977pt too wide) in paragraph at lines 457--457
[]|[]\T1/cmr/bx/n/12 Impact[]| 
 []


Overfull \hbox (25.08545pt too wide) in paragraph at lines 457--457
[]|[]\T1/cmr/bx/n/12 Likelihood[]| 
 []


Overfull \hbox (5.15977pt too wide) in paragraph at lines 462--462
[]|[]\T1/cmr/bx/n/12 Impact[]| 
 []


Overfull \hbox (25.08545pt too wide) in paragraph at lines 462--462
[]|[]\T1/cmr/bx/n/12 Likelihood[]| 
 []


Underfull \hbox (badness 10000) in paragraph at lines 471--471
[]|\T1/cmr/m/n/12 T-
 []


Overfull \hbox (1.26212pt too wide) in paragraph at lines 471--471
\T1/cmr/m/n/12 TECH-
 []


Overfull \hbox (15.11566pt too wide) in paragraph at lines 471--472
[]|\T1/cmr/m/n/12 MEDIUM| 
 []


Underfull \hbox (badness 10000) in paragraph at lines 472--472
[]|\T1/cmr/m/n/12 T-
 []


Overfull \hbox (1.26212pt too wide) in paragraph at lines 472--472
\T1/cmr/m/n/12 TECH-
 []


Underfull \hbox (badness 5119) in paragraph at lines 472--472
[]|\T1/cmr/m/n/12 Secrets ro-tated (re-
 []


Overfull \hbox (15.11566pt too wide) in paragraph at lines 472--473
[]|\T1/cmr/m/n/12 MEDIUM| 
 []


Underfull \hbox (badness 10000) in paragraph at lines 473--473
[]|\T1/cmr/m/n/12 T-
 []


Overfull \hbox (1.26212pt too wide) in paragraph at lines 473--473
\T1/cmr/m/n/12 TECH-
 []


Underfull \hbox (badness 10000) in paragraph at lines 473--473
[]|\T1/cmr/m/n/12 Fail2ban in-stalled
 []


Overfull \hbox (15.11566pt too wide) in paragraph at lines 473--474
[]|\T1/cmr/m/n/12 MEDIUM| 
 []


Underfull \hbox (badness 10000) in paragraph at lines 474--474
[]|\T1/cmr/m/n/12 T-
 []


Overfull \hbox (1.26212pt too wide) in paragraph at lines 474--474
\T1/cmr/m/n/12 TECH-
 []


Underfull \hbox (badness 10000) in paragraph at lines 474--474
[]|\T1/cmr/m/n/12 Vulnerable com-po-
 []


Overfull \hbox (15.11566pt too wide) in paragraph at lines 474--474
[]|\T1/cmr/m/n/12 MEDIUM| 
 []


Underfull \hbox (badness 10000) in paragraph at lines 475--475
[]|\T1/cmr/m/n/12 T-
 []


Overfull \hbox (1.26212pt too wide) in paragraph at lines 475--475
\T1/cmr/m/n/12 TECH-
 []


Underfull \hbox (badness 10000) in paragraph at lines 475--475
[]|\T1/cmr/m/n/12 UFW ac-tive (re-
 []


Overfull \hbox (15.11566pt too wide) in paragraph at lines 475--476
[]|\T1/cmr/m/n/12 MEDIUM| 
 []


Underfull \hbox (badness 10000) in paragraph at lines 476--476
[]|\T1/cmr/m/n/12 T-
 []


Overfull \hbox (1.26212pt too wide) in paragraph at lines 476--476
\T1/cmr/m/n/12 TECH-
 []


Overfull \hbox (15.11566pt too wide) in paragraph at lines 476--476
[]|\T1/cmr/m/n/12 MEDIUM| 
 []


Overfull \hbox (15.11566pt too wide) in paragraph at lines 476--477
[]|\T1/cmr/m/n/12 MEDIUM| 
 []


Underfull \hbox (badness 10000) in paragraph at lines 477--477
[]|\T1/cmr/m/n/12 T-
 []


Overfull \hbox (1.26212pt too wide) in paragraph at lines 477--477
\T1/cmr/m/n/12 TECH-
 []


Overfull \hbox (15.11566pt too wide) in paragraph at lines 477--478
[]|\T1/cmr/m/n/12 MEDIUM| 
 []


Underfull \hbox (badness 10000) in paragraph at lines 478--478
[]|\T1/cmr/m/n/12 T-
 []


Overfull \hbox (1.26212pt too wide) in paragraph at lines 478--478
\T1/cmr/m/n/12 TECH-
 []


Underfull \hbox (badness 10000) in paragraph at lines 478--478
[]|\T1/cmr/m/n/12 No cen-tral-ized log-
 []


Underfull \hbox (badness 10000) in paragraph at lines 478--478
\T1/cmr/m/n/12 ging; no SIEM
 []


Underfull \hbox (badness 10000) in paragraph at lines 479--479
[]|\T1/cmr/m/n/12 T-
 []


Overfull \hbox (1.26212pt too wide) in paragraph at lines 479--479
\T1/cmr/m/n/12 TECH-
 []


Overfull \hbox (15.11566pt too wide) in paragraph at lines 479--480
[]|\T1/cmr/m/n/12 MEDIUM| 
 []

[14] [15]

Package caption Warning: The option `hypcap=true' will be ignored for this
(caption)                particular \caption on input line 537.
See the caption package documentation for explanation.

[16]
Underfull \hbox (badness 10000) in paragraph at lines 574--575
[]|\T1/cmr/m/n/12 Users have roles,
 []


Underfull \hbox (badness 4647) in paragraph at lines 574--575
\T1/cmr/m/n/12 non[]root Tu-tor, se-
 []


Underfull \hbox (badness 10000) in paragraph at lines 575--576
[]|\T1/cmr/m/n/12 Docker vol-umes
 []


Underfull \hbox (badness 6641) in paragraph at lines 575--576
\T1/cmr/m/n/12 tracked; no for-mal
 []


Underfull \hbox (badness 10000) in paragraph at lines 576--576
[]|\T1/cmr/m/n/12 Cryptography (ISO 27001
 []


Underfull \hbox (badness 4156) in paragraph at lines 577--577
[]|\T1/cmr/m/n/12 Host provider man-
 []


Underfull \hbox (badness 10000) in paragraph at lines 578--578
[]|\T1/cmr/m/n/12 Operations Se-cu-rity (ISO
 []


Underfull \hbox (badness 6559) in paragraph at lines 580--580
[]|\T1/cmr/m/n/12 Supplier Re-la-tion-ships (ISO
 []


Underfull \hbox (badness 10000) in paragraph at lines 581--581
[]|\T1/cmr/m/n/12 Incident Man-age-ment (ISO
 []


Underfull \hbox (badness 10000) in paragraph at lines 582--582
[]|\T1/cmr/m/n/12 Business Con-ti-nu-ity (ISO
 []


Overfull \hbox (27.23634pt too wide) in alignment at lines 594--601
 [] [] [] [] 
 []


Overfull \hbox (27.23634pt too wide) in alignment at lines 601--606
 [] [] [] [] 
 []


Overfull \hbox (27.23634pt too wide) in alignment at lines 606--610
 [] [] [] [] 
 []


Overfull \hbox (27.23634pt too wide) in alignment at lines 610--612
 [] [] [] [] 
 []


Underfull \hbox (badness 3068) in paragraph at lines 613--613
[]|\T1/cmr/m/n/12 Top lead-er-ship al-lo-
 []


Underfull \hbox (badness 10000) in paragraph at lines 613--614
[]|\T1/cmr/m/n/12 Establish se-cu-rity
 []


Underfull \hbox (badness 10000) in paragraph at lines 614--614
[]|\T1/cmr/m/n/12 Security com-mit-tee
 []


Underfull \hbox (badness 10000) in paragraph at lines 615--615
[]|\T1/cmr/m/n/12 Representative in
 []


Underfull \hbox (badness 5359) in paragraph at lines 616--616
[]|\T1/cmr/m/n/12 Cyber Se-cu-rity De-
 []


Underfull \hbox (badness 10000) in paragraph at lines 618--618
[]|\T1/cmr/m/n/12 Organizational se-cu-
 []


Underfull \hbox (badness 4954) in paragraph at lines 618--619
[]|\T1/cmr/m/n/12 Form se-cu-rity com-
 []


Underfull \hbox (badness 6300) in paragraph at lines 620--620
[]|\T1/cmr/m/n/12 Risk-based ap-proach
 []


Underfull \hbox (badness 10000) in paragraph at lines 623--623
[]|\T1/cmr/m/n/12 Incident re-sponse
 []


Underfull \hbox (badness 1057) in paragraph at lines 626--627
[]|\T1/cmr/m/n/12 Start aware-ness pro-
 []


Underfull \hbox (badness 3179) in paragraph at lines 627--627
\T1/cmr/m/n/12 men-ta-tion pend-
 []


Underfull \hbox (badness 10000) in paragraph at lines 627--628
[]|\T1/cmr/m/n/12 Implement net-work
 []


Underfull \hbox (badness 2538) in paragraph at lines 628--628
[]|\T1/cmr/m/n/12 Firewall on net-work
 []


Underfull \hbox (badness 10000) in paragraph at lines 629--629
[]|\T1/cmr/m/n/12 Default pass-words
 []


Underfull \hbox (badness 5908) in paragraph at lines 630--630
[]|\T1/cmr/m/n/12 Computer and net-
 []


Underfull \hbox (badness 3219) in paragraph at lines 631--631
[]|\T1/cmr/m/n/12 User ac-count ac-cess
 []


Overfull \hbox (27.23634pt too wide) in alignment at lines 612--635
 [] [] [] [] 
 []

[17] [18]
Overfull \hbox (27.23634pt too wide) in alignment at lines 640--647
 [] [] [] [] 
 []


Overfull \hbox (27.23634pt too wide) in alignment at lines 647--652
 [] [] [] [] 
 []


Overfull \hbox (27.23634pt too wide) in alignment at lines 652--656
 [] [] [] [] 
 []


Overfull \hbox (27.23634pt too wide) in alignment at lines 656--658
 [] [] [] [] 
 []


Underfull \hbox (badness 2229) in paragraph at lines 659--660
[]|\T1/cmr/m/n/12 Create change man-
 []


Underfull \hbox (badness 5403) in paragraph at lines 660--660
[]|\T1/cmr/m/n/12 6.4 Dis-rup-tive Risk
 []


Underfull \hbox (badness 10000) in paragraph at lines 660--660
[]|\T1/cmr/m/n/12 Transformative risk
 []


Underfull \hbox (badness 10000) in paragraph at lines 661--661
[]|\T1/cmr/m/n/12 6.7 Cy-ber-se-cu-rity
 []


Underfull \hbox (badness 3815) in paragraph at lines 662--662
[]|\T1/cmr/m/n/12 6.10 As-set Man-age-
 []


Underfull \hbox (badness 10000) in paragraph at lines 665--665
[]|\T1/cmr/m/n/12 6.25 Cy-ber-se-cu-rity
 []


Underfull \hbox (badness 10000) in paragraph at lines 666--666
[]|\T1/cmr/m/n/12 Fail2ban in-
 []


Underfull \hbox (badness 1308) in paragraph at lines 666--666
\T1/cmr/m/n/12 stalled; IR plan
 []


Underfull \hbox (badness 10000) in paragraph at lines 667--668
[]|\T1/cmr/m/n/12 Establish in-ves-ti-ga-
 []


Underfull \hbox (badness 4454) in paragraph at lines 669--669
[]|\T1/cmr/m/n/12 Cloud se-cu-rity con-
 []


Underfull \hbox (badness 6220) in paragraph at lines 670--670
[]|\T1/cmr/m/n/12 6.34 Com-mu-ni-ca-tion
 []


Underfull \hbox (badness 10000) in paragraph at lines 670--670
[]|\T1/cmr/m/n/12 Documented pro-
 []


Underfull \hbox (badness 3364) in paragraph at lines 671--671
[]|\T1/cmr/m/n/12 6.35 Co-op-er-a-tion &
 []


Underfull \hbox (badness 10000) in paragraph at lines 671--672
[]|\T1/cmr/m/n/12 Link with Ethio-
 []


Underfull \hbox (badness 2644) in paragraph at lines 672--672
[]|\T1/cmr/m/n/12 Security in pro-cure-
 []


Underfull \hbox (badness 5475) in paragraph at lines 672--673
[]|\T1/cmr/m/n/12 Update pro-cure-ment
 []


Overfull \hbox (27.23634pt too wide) in alignment at lines 658--675
 [] [] [] [] 
 []


Overfull \hbox (6.4532pt too wide) in paragraph at lines 703--703
[]|\T1/cmr/m/n/12 CRIT-
 []


Underfull \hbox (badness 10000) in paragraph at lines 703--703
[]|\T1/cmr/m/n/12 Tutor mi-grated to
 []


Underfull \hbox (badness 10000) in paragraph at lines 703--703
[]|\T1/cmr/m/n/12 Audit re-port:
 []


Underfull \hbox (badness 10000) in paragraph at lines 703--703
\T1/cmr/m/n/12 "User 'tu-tor'
 []


Underfull \hbox (badness 1584) in paragraph at lines 703--703
\T1/cmr/m/n/12 ex-ists with UID
 []


Overfull \hbox (17.93852pt too wide) in paragraph at lines 703--704
[]|\T1/cmr/bx/n/12 RESOLVED| 
 []


Overfull \hbox (6.4532pt too wide) in paragraph at lines 704--704
[]|\T1/cmr/m/n/12 CRIT-
 []


Underfull \hbox (badness 10000) in paragraph at lines 704--704
[]|\T1/cmr/m/n/12 UFW ac-tive with
 []


Underfull \hbox (badness 10000) in paragraph at lines 704--704
\T1/cmr/m/n/12 de-fault deny, only
 []


Underfull \hbox (badness 10000) in paragraph at lines 704--704
\T1/cmr/m/n/12 SSH/HTTP/HTTPS
 []


Overfull \hbox (17.93852pt too wide) in paragraph at lines 704--705
[]|\T1/cmr/bx/n/12 RESOLVED| 
 []


Overfull \hbox (6.4532pt too wide) in paragraph at lines 705--705
[]|\T1/cmr/m/n/12 CRIT-
 []


Underfull \hbox (badness 10000) in paragraph at lines 705--705
[]|\T1/cmr/m/n/12 Meilisearch
 []


Underfull \hbox (badness 10000) in paragraph at lines 705--705
\T1/cmr/m/n/12 Mas-ter Key
 []


Underfull \hbox (badness 6625) in paragraph at lines 705--705
[]|\T1/cmr/m/n/12 Master key ro-tated
 []


Underfull \hbox (badness 4940) in paragraph at lines 705--705
[]|\T1/cmr/m/n/12 Key re-gen-er-ated
 []


Underfull \hbox (badness 3179) in paragraph at lines 705--705
\T1/cmr/m/n/12 and up-dated in
 []


Overfull \hbox (17.93852pt too wide) in paragraph at lines 705--706
[]|\T1/cmr/bx/n/12 RESOLVED| 
 []


Overfull \hbox (6.4532pt too wide) in paragraph at lines 706--706
[]|\T1/cmr/m/n/12 CRIT-
 []


Underfull \hbox (badness 10000) in paragraph at lines 706--706
[]|\T1/cmr/m/n/12 MySQL Root
 []


Underfull \hbox (badness 7777) in paragraph at lines 706--706
\T1/cmr/m/n/12 Pass-word Plain-
 []


Underfull \hbox (badness 6493) in paragraph at lines 706--706
[]|\T1/cmr/m/n/12 Password re-gen-
 []


Underfull \hbox (badness 6001) in paragraph at lines 706--706
\T1/cmr/m/n/12 er-ated and up-
 []


Overfull \hbox (17.93852pt too wide) in paragraph at lines 706--707
[]|\T1/cmr/bx/n/12 RESOLVED| 
 []


Overfull \hbox (6.4532pt too wide) in paragraph at lines 707--707
[]|\T1/cmr/m/n/12 CRIT-
 []


Underfull \hbox (badness 10000) in paragraph at lines 707--707
[]|\T1/cmr/m/n/12 OAuth2 Se-crets
 []


Underfull \hbox (badness 10000) in paragraph at lines 707--707
[]|\T1/cmr/m/n/12 Secret re-gen-er-
 []


Overfull \hbox (17.93852pt too wide) in paragraph at lines 707--708
[]|\T1/cmr/bx/n/12 RESOLVED| 
 []


Overfull \hbox (6.4532pt too wide) in paragraph at lines 708--708
[]|\T1/cmr/m/n/12 CRIT-
 []


Underfull \hbox (badness 3590) in paragraph at lines 708--708
[]|\T1/cmr/m/n/12 JWT RSA Pri-
 []


Underfull \hbox (badness 1990) in paragraph at lines 708--708
\T1/cmr/m/n/12 vate Key Plain-
 []


Underfull \hbox (badness 10000) in paragraph at lines 708--708
\T1/cmr/m/n/12 er-ated; pri-vate
 []


Overfull \hbox (17.93852pt too wide) in paragraph at lines 708--709
[]|\T1/cmr/bx/n/12 RESOLVED| 
 []


Overfull \hbox (6.4532pt too wide) in paragraph at lines 709--709
[]|\T1/cmr/m/n/12 CRIT-
 []


Underfull \hbox (badness 10000) in paragraph at lines 709--709
[]|\T1/cmr/m/n/12 Audit re-port:
 []


Underfull \hbox (badness 10000) in paragraph at lines 709--709
\T1/cmr/m/n/12 "Swap us-age:
 []


Underfull \hbox (badness 10000) in paragraph at lines 709--709
\T1/cmr/m/n/12 0GiB of 7GiB
 []


Overfull \hbox (17.93852pt too wide) in paragraph at lines 709--710
[]|\T1/cmr/bx/n/12 RESOLVED| 
 []

[19]
Overfull \hbox (7.66959pt too wide) in paragraph at lines 735--735
[]|\T1/cmr/m/n/12 HIGH-
 []


Underfull \hbox (badness 10000) in paragraph at lines 735--735
[]|\T1/cmr/m/n/12 Docker Dae-mon
 []


Underfull \hbox (badness 4686) in paragraph at lines 735--735
[]|\T1/cmr/m/n/12 Root re-moved from
 []


Underfull \hbox (badness 10000) in paragraph at lines 735--735
[]|\T1/cmr/m/n/12 Audit re-port:
 []


Underfull \hbox (badness 10000) in paragraph at lines 735--735
\T1/cmr/m/n/12 "root re-moved
 []


Underfull \hbox (badness 10000) in paragraph at lines 735--735
\T1/cmr/m/n/12 from docker
 []


Overfull \hbox (17.93852pt too wide) in paragraph at lines 735--736
[]|\T1/cmr/bx/n/12 RESOLVED| 
 []


Overfull \hbox (7.66959pt too wide) in paragraph at lines 736--736
[]|\T1/cmr/m/n/12 HIGH-
 []


Underfull \hbox (badness 10000) in paragraph at lines 736--736
[]|\T1/cmr/m/n/12 Audit re-port:
 []


Overfull \hbox (17.93852pt too wide) in paragraph at lines 736--737
[]|\T1/cmr/bx/n/12 RESOLVED| 
 []


Overfull \hbox (7.66959pt too wide) in paragraph at lines 737--737
[]|\T1/cmr/m/n/12 HIGH-
 []


Underfull \hbox (badness 2103) in paragraph at lines 737--737
[]|\T1/cmr/m/n/12 API Au-then-ti-ca-
 []


Underfull \hbox (badness 10000) in paragraph at lines 737--737
[]|\T1/cmr/m/n/12 Audit re-port:
 []


Underfull \hbox (badness 10000) in paragraph at lines 737--737
\T1/cmr/m/n/12 "OAuth2 de-
 []


Underfull \hbox (badness 10000) in paragraph at lines 737--737
\T1/cmr/m/n/12 tected; Ba-sic
 []


Overfull \hbox (17.93852pt too wide) in paragraph at lines 737--738
[]|\T1/cmr/bx/n/12 RESOLVED| 
 []


Overfull \hbox (7.66959pt too wide) in paragraph at lines 738--738
[]|\T1/cmr/m/n/12 HIGH-
 []


Underfull \hbox (badness 1838) in paragraph at lines 738--738
[]|\T1/cmr/m/n/12 Multiple Ker-nels
 []


Underfull \hbox (badness 8000) in paragraph at lines 738--738
\T1/cmr/m/n/12 only 2 ker-nels in-
 []


Underfull \hbox (badness 10000) in paragraph at lines 738--738
[]|\T1/cmr/m/n/12 Audit re-port:
 []


Underfull \hbox (badness 10000) in paragraph at lines 738--738
\T1/cmr/m/n/12 "In-stalled ker-
 []


Overfull \hbox (17.93852pt too wide) in paragraph at lines 738--739
[]|\T1/cmr/bx/n/12 RESOLVED| 
 []


Overfull \hbox (7.66959pt too wide) in paragraph at lines 739--739
[]|\T1/cmr/m/n/12 HIGH-
 []


Underfull \hbox (badness 10000) in paragraph at lines 739--739
[]|\T1/cmr/m/n/12 Audit re-port:
 []


Underfull \hbox (badness 10000) in paragraph at lines 739--739
\T1/cmr/m/n/12 "No log files
 []


Underfull \hbox (badness 10000) in paragraph at lines 739--739
\T1/cmr/m/n/12 >500MB found
 []


Overfull \hbox (17.93852pt too wide) in paragraph at lines 739--740
[]|\T1/cmr/bx/n/12 RESOLVED| 
 []


Overfull \hbox (7.66959pt too wide) in paragraph at lines 740--740
[]|\T1/cmr/m/n/12 HIGH-
 []


Underfull \hbox (badness 10000) in paragraph at lines 740--740
[]|\T1/cmr/m/n/12 No
 []


Underfull \hbox (badness 10000) in paragraph at lines 740--740
\T1/cmr/m/n/12 Fail2ban/Rate
 []


Underfull \hbox (badness 10000) in paragraph at lines 740--740
[]|\T1/cmr/m/n/12 Fail2ban in-stalled,
 []


Underfull \hbox (badness 4713) in paragraph at lines 740--740
\T1/cmr/m/n/12 con-fig-ured, and ac-
 []


Underfull \hbox (badness 10000) in paragraph at lines 740--740
[]|\T1/cmr/m/n/12 Audit re-port:
 []


Overfull \hbox (17.93852pt too wide) in paragraph at lines 740--741
[]|\T1/cmr/bx/n/12 RESOLVED| 
 []


Overfull \hbox (7.66959pt too wide) in paragraph at lines 741--741
[]|\T1/cmr/m/n/12 HIGH-
 []


Underfull \hbox (badness 10000) in paragraph at lines 741--741
[]|\T1/cmr/m/n/12 Informational ^^U
 []


Overfull \hbox (8.47673pt too wide) in paragraph at lines 741--741
[]|\T1/cmr/m/n/12 assess_security.txt:
 []


Overfull \hbox (48.94061pt too wide) in paragraph at lines 741--742
[]|\T1/cmr/m/n/12 INFORMATIONAL| 
 []


Overfull \hbox (7.66959pt too wide) in paragraph at lines 742--742
[]|\T1/cmr/m/n/12 HIGH-
 []


Underfull \hbox (badness 2717) in paragraph at lines 742--742
[]|\T1/cmr/m/n/12 No Vul-ner-a-bil-ity
 []


Underfull \hbox (badness 3068) in paragraph at lines 742--742
[]|\T1/cmr/m/n/12 Trivy in-stalled with
 []


Underfull \hbox (badness 3826) in paragraph at lines 742--742
\T1/cmr/m/n/12 daily cron job; all
 []


Underfull \hbox (badness 10000) in paragraph at lines 742--742
\T1/cmr/m/n/12 HIGH/CRITICAL
 []


Underfull \hbox (badness 10000) in paragraph at lines 742--742
[]|\T1/cmr/m/n/12 Audit re-
 []


Underfull \hbox (badness 10000) in paragraph at lines 742--742
\T1/cmr/m/n/12 port: Trivy
 []


Underfull \hbox (badness 6842) in paragraph at lines 742--742
\T1/cmr/m/n/12 in-stalled; trivy-
 []


Underfull \hbox (badness 10000) in paragraph at lines 742--742
\T1/cmr/m/n/12 README.md
 []


Overfull \hbox (17.93852pt too wide) in paragraph at lines 742--743
[]|\T1/cmr/bx/n/12 RESOLVED| 
 []


Overfull \hbox (7.66959pt too wide) in paragraph at lines 743--743
[]|\T1/cmr/m/n/12 HIGH-
 []


Underfull \hbox (badness 10000) in paragraph at lines 743--743
[]|\T1/cmr/m/n/12 No Se-cu-rity
 []


Underfull \hbox (badness 10000) in paragraph at lines 743--743
[]|\T1/cmr/m/n/12 Security head-ers
 []


Underfull \hbox (badness 10000) in paragraph at lines 743--743
\T1/cmr/m/n/12 present (X-Frame-
 []


Underfull \hbox (badness 10000) in paragraph at lines 743--743
[]|\T1/cmr/m/n/12 Audit re-port:
 []


Underfull \hbox (badness 10000) in paragraph at lines 743--743
\T1/cmr/m/n/12 "Se-cu-rity head-
 []


Underfull \hbox (badness 10000) in paragraph at lines 743--743
\T1/cmr/m/n/12 ers present:
 []


Underfull \hbox (badness 10000) in paragraph at lines 743--743
\T1/cmr/m/n/12 x-frame-options:
 []


Overfull \hbox (17.93852pt too wide) in paragraph at lines 743--744
[]|\T1/cmr/bx/n/12 RESOLVED| 
 []


Overfull \hbox (7.66959pt too wide) in paragraph at lines 744--744
[]|\T1/cmr/m/n/12 HIGH-
 []


Underfull \hbox (badness 10000) in paragraph at lines 744--744
[]|\T1/cmr/m/n/12 Verbose Er-ror
 []


Underfull \hbox (badness 2990) in paragraph at lines 744--744
[]|\T1/cmr/m/n/12 DEBUG is not en-
 []


Underfull \hbox (badness 10000) in paragraph at lines 744--744
[]|\T1/cmr/m/n/12 Audit re-port:
 []


Underfull \hbox (badness 1286) in paragraph at lines 744--744
\T1/cmr/m/n/12 "DE-BUG is not
 []


Overfull \hbox (17.93852pt too wide) in paragraph at lines 744--745
[]|\T1/cmr/bx/n/12 RESOLVED| 
 []


ignored: Infinite glue shrinkage found in box being split [20]
Overfull \hbox (4.33014pt too wide) in paragraph at lines 770--770
[]|\T1/cmr/m/n/12 MED-
 []


Underfull \hbox (badness 10000) in paragraph at lines 770--770
[]|\T1/cmr/m/n/12 No Cen-tral-ized
 []


Underfull \hbox (badness 10000) in paragraph at lines 770--770
[]|\T1/cmr/m/n/12 Centralized log-ging
 []


Underfull \hbox (badness 10000) in paragraph at lines 770--770
\T1/cmr/m/n/12 im-ple-mented us-ing
 []


Overfull \hbox (17.93852pt too wide) in paragraph at lines 770--771
[]|\T1/cmr/bx/n/12 RESOLVED| 
 []


Overfull \hbox (4.33014pt too wide) in paragraph at lines 771--771
[]|\T1/cmr/m/n/12 MED-
 []


Underfull \hbox (badness 10000) in paragraph at lines 771--771
[]|\T1/cmr/m/n/12 No Con-tainer
 []


Underfull \hbox (badness 1087) in paragraph at lines 771--771
[]|\T1/cmr/m/n/12 Health checks added
 []


Underfull \hbox (badness 1189) in paragraph at lines 771--771
[]|\T1/cmr/m/n/12 docker ps shows
 []


Overfull \hbox (17.93852pt too wide) in paragraph at lines 771--772
[]|\T1/cmr/bx/n/12 RESOLVED| 
 []


Overfull \hbox (4.33014pt too wide) in paragraph at lines 772--772
[]|\T1/cmr/m/n/12 MED-
 []


Underfull \hbox (badness 6016) in paragraph at lines 772--772
[]|\T1/cmr/m/n/12 Orphaned Pack-
 []


Underfull \hbox (badness 10000) in paragraph at lines 772--772
[]|\T1/cmr/m/n/12 deborphan in-stalled
 []


Underfull \hbox (badness 10000) in paragraph at lines 772--772
\T1/cmr/m/n/12 and checked; no
 []


Underfull \hbox (badness 10000) in paragraph at lines 772--772
\T1/cmr/m/n/12 or-phaned pack-ages
 []


Underfull \hbox (badness 10000) in paragraph at lines 772--772
[]|\T1/cmr/m/n/12 Audit re-port:
 []


Underfull \hbox (badness 10000) in paragraph at lines 772--772
\T1/cmr/m/n/12 "No or-phaned
 []


Overfull \hbox (17.93852pt too wide) in paragraph at lines 772--773
[]|\T1/cmr/bx/n/12 RESOLVED| 
 []


Overfull \hbox (4.33014pt too wide) in paragraph at lines 773--773
[]|\T1/cmr/m/n/12 MED-
 []


Underfull \hbox (badness 10000) in paragraph at lines 773--773
\T1/cmr/m/n/12 im-ple-mented with
 []


Underfull \hbox (badness 10000) in paragraph at lines 773--773
\T1/cmr/m/n/12 fron-tend, back-end,
 []


Underfull \hbox (badness 2884) in paragraph at lines 773--773
\T1/cmr/m/n/12 shows seg-men-ta-
 []


Overfull \hbox (17.93852pt too wide) in paragraph at lines 773--774
[]|\T1/cmr/bx/n/12 RESOLVED| 
 []


Overfull \hbox (4.33014pt too wide) in paragraph at lines 774--774
[]|\T1/cmr/m/n/12 MED-
 []


Underfull \hbox (badness 10000) in paragraph at lines 774--774
[]|\T1/cmr/m/n/12 No Se-cu-rity
 []


Underfull \hbox (badness 10000) in paragraph at lines 774--774
\T1/cmr/m/n/12 Aware-ness Pro-
 []


Underfull \hbox (badness 10000) in paragraph at lines 774--774
[]|\T1/cmr/m/n/12 Security aware-ness
 []


Underfull \hbox (badness 10000) in paragraph at lines 774--774
\T1/cmr/m/n/12 train-ing pro-gram
 []


Underfull \hbox (badness 3713) in paragraph at lines 774--774
[]|\T1/cmr/m/n/12 Training ma-te-ri-
 []


Overfull \hbox (17.93852pt too wide) in paragraph at lines 774--775
[]|\T1/cmr/bx/n/12 RESOLVED| 
 []


Overfull \hbox (4.33014pt too wide) in paragraph at lines 775--775
[]|\T1/cmr/m/n/12 MED-
 []


Underfull \hbox (badness 1205) in paragraph at lines 775--775
[]|\T1/cmr/m/n/12 No In-ci-dent Re-
 []


Underfull \hbox (badness 10000) in paragraph at lines 775--775
[]|\T1/cmr/m/n/12 Incident Re-sponse
 []


Underfull \hbox (badness 10000) in paragraph at lines 775--775
\T1/cmr/m/n/12 Plan cre-ated and
 []


Overfull \hbox (17.93852pt too wide) in paragraph at lines 775--776
[]|\T1/cmr/bx/n/12 RESOLVED| 
 []


Overfull \hbox (4.33014pt too wide) in paragraph at lines 776--776
[]|\T1/cmr/m/n/12 MED-
 []


Underfull \hbox (badness 10000) in paragraph at lines 776--776
[]|\T1/cmr/m/n/12 Business Con-ti-nu-ity
 []


Underfull \hbox (badness 10000) in paragraph at lines 776--776
\T1/cmr/m/n/12 Plan cre-ated and
 []


Overfull \hbox (17.93852pt too wide) in paragraph at lines 776--777
[]|\T1/cmr/bx/n/12 RESOLVED| 
 []


ignored: Infinite glue shrinkage found in box being split [21]
Overfull \hbox (4.82166pt too wide) in paragraph at lines 802--802
[]|\T1/cmr/m/n/12 LOW-
 []


Underfull \hbox (badness 10000) in paragraph at lines 802--802
[]|\T1/cmr/m/n/12 Verbose Er-ror
 []


Underfull \hbox (badness 3803) in paragraph at lines 802--802
[]|\T1/cmr/m/n/12 Custom er-ror pages
 []


Underfull \hbox (badness 10000) in paragraph at lines 802--802
\T1/cmr/m/n/12 im-ple-mented; stack
 []


Overfull \hbox (17.93852pt too wide) in paragraph at lines 802--803
[]|\T1/cmr/bx/n/12 RESOLVED| 
 []


Overfull \hbox (4.82166pt too wide) in paragraph at lines 803--803
[]|\T1/cmr/m/n/12 LOW-
 []


Underfull \hbox (badness 10000) in paragraph at lines 803--803
[]|\T1/cmr/m/n/12 No Back-ups
 []


Underfull \hbox (badness 10000) in paragraph at lines 803--803
[]|\T1/cmr/m/n/12 Automated backup
 []


Underfull \hbox (badness 10000) in paragraph at lines 803--803
[]|\T1/cmr/m/n/12 Backup files
 []


Underfull \hbox (badness 10000) in paragraph at lines 803--803
\T1/cmr/m/n/12 present in
 []


Overfull \hbox (10.10844pt too wide) in paragraph at lines 803--803
\T1/cmr/m/n/12 /home/tutor/tutor-
 []


Overfull \hbox (17.93852pt too wide) in paragraph at lines 803--804
[]|\T1/cmr/bx/n/12 RESOLVED| 
 []


Overfull \hbox (4.82166pt too wide) in paragraph at lines 804--804
[]|\T1/cmr/m/n/12 LOW-
 []


Underfull \hbox (badness 10000) in paragraph at lines 804--804
[]|\T1/cmr/m/n/12 Audit re-port:
 []


Overfull \hbox (17.93852pt too wide) in paragraph at lines 804--805
[]|\T1/cmr/bx/n/12 RESOLVED| 
 []


Package caption Warning: The option `hypcap=true' will be ignored for this
(caption)                particular \caption on input line 811.
See the caption package documentation for explanation.


Underfull \hbox (badness 10000) in paragraph at lines 818--818
[]|\T1/cmr/m/n/12 RES-
 []


Underfull \hbox (badness 10000) in paragraph at lines 819--819
[]|\T1/cmr/m/n/12 RES-
 []


Underfull \hbox (badness 10000) in paragraph at lines 820--820
[]|\T1/cmr/m/n/12 RES-
 []


Underfull \hbox (badness 10000) in paragraph at lines 821--821
[]|\T1/cmr/m/n/12 RES-
 []


Underfull \hbox (badness 3058) in paragraph at lines 821--821
[]|\T1/cmr/m/n/12 Tutor mi-grated to non[]root
 []


Underfull \hbox (badness 10000) in paragraph at lines 822--822
[]|\T1/cmr/m/n/12 RES-
 []


Underfull \hbox (badness 10000) in paragraph at lines 823--823
[]|\T1/cmr/m/n/12 RES-
 []


Underfull \hbox (badness 5578) in paragraph at lines 823--823
[]|\T1/cmr/m/n/12 Root re-moved from docker
 []


Underfull \hbox (badness 10000) in paragraph at lines 824--824
[]|\T1/cmr/m/n/12 RES-
 []


Underfull \hbox (badness 10000) in paragraph at lines 825--825
[]|\T1/cmr/m/n/12 RES-
 []


Underfull \hbox (badness 10000) in paragraph at lines 826--826
[]|\T1/cmr/m/n/12 RES-
 []


Underfull \hbox (badness 10000) in paragraph at lines 827--827
[]|\T1/cmr/m/n/12 RES-
 []


Underfull \hbox (badness 10000) in paragraph at lines 827--827
[]|\T1/cmr/m/n/12 Security head-ers (X-Frame-
 []


Underfull \hbox (badness 10000) in paragraph at lines 828--828
[]|\T1/cmr/m/n/12 RES-
 []


Underfull \hbox (badness 10000) in paragraph at lines 829--829
[]|\T1/cmr/m/n/12 RES-
 []


Underfull \hbox (badness 10000) in paragraph at lines 830--830
[]|\T1/cmr/m/n/12 RES-
 []


Underfull \hbox (badness 10000) in paragraph at lines 831--831
[]|\T1/cmr/m/n/12 RES-
 []


Underfull \hbox (badness 10000) in paragraph at lines 832--832
[]|\T1/cmr/m/n/12 RES-
 []


Underfull \hbox (badness 10000) in paragraph at lines 832--832
\T1/cmr/m/n/12 job; all HIGH/CRITICAL
 []


Underfull \hbox (badness 10000) in paragraph at lines 833--833
[]|\T1/cmr/m/n/12 RES-
 []


Underfull \hbox (badness 10000) in paragraph at lines 834--834
[]|\T1/cmr/m/n/12 RES-
 []


Underfull \hbox (badness 10000) in paragraph at lines 835--835
[]|\T1/cmr/m/n/12 RES-
 []


Underfull \hbox (badness 10000) in paragraph at lines 836--836
[]|\T1/cmr/m/n/12 RES-
 []


Underfull \hbox (badness 10000) in paragraph at lines 837--837
[]|\T1/cmr/m/n/12 RES-
 []


Underfull \hbox (badness 10000) in paragraph at lines 838--838
[]|\T1/cmr/m/n/12 RES-
 []


Underfull \hbox (badness 10000) in paragraph at lines 839--839
[]|\T1/cmr/m/n/12 RES-
 []


Underfull \hbox (badness 10000) in paragraph at lines 840--840
[]|\T1/cmr/m/n/12 RES-
 []


Underfull \hbox (badness 10000) in paragraph at lines 841--841
[]|\T1/cmr/m/n/12 RES-
 []


Underfull \hbox (badness 8170) in paragraph at lines 841--841
[]|\T1/cmr/m/n/12 Orphaned pack-ages checked
 []


Underfull \hbox (badness 10000) in paragraph at lines 842--842
[]|\T1/cmr/m/n/12 RES-
 []


Underfull \hbox (badness 1152) in paragraph at lines 842--842
[]|\T1/cmr/m/n/12 Network seg-men-ta-tion im-ple-
 []


Underfull \hbox (badness 10000) in paragraph at lines 843--843
[]|\T1/cmr/m/n/12 RES-
 []


Underfull \hbox (badness 10000) in paragraph at lines 844--844
[]|\T1/cmr/m/n/12 RES-
 []


Underfull \hbox (badness 1881) in paragraph at lines 844--844
[]|\T1/cmr/m/n/12 Incident Re-sponse Plan cre-
 []


Underfull \hbox (badness 10000) in paragraph at lines 845--845
[]|\T1/cmr/m/n/12 RES-
 []


Underfull \hbox (badness 10000) in paragraph at lines 846--846
[]|\T1/cmr/m/n/12 RES-
 []


Underfull \hbox (badness 10000) in paragraph at lines 847--847
[]|\T1/cmr/m/n/12 RES-
 []


Underfull \hbox (badness 10000) in paragraph at lines 847--847
[]|\T1/cmr/m/n/12 Automated back-ups con-fig-
 []

[22] [23]
Overfull \vbox (220.41643pt too high) has occurred while \output is active []

 [24]
Overfull \hbox (15.81073pt too wide) in paragraph at lines 862--863
[]\T1/cmr/bx/n/12 CRIT-01\T1/cmr/m/n/12 : Mi-grated Tu-tor to non[]root user `tu-tor`; data moved to `/home/tutor/tutor-
 []


Overfull \hbox (3.62573pt too wide) in paragraph at lines 868--869
[]\T1/cmr/bx/n/12 MED-05\T1/cmr/m/n/12 : Im-ple-mented net-work seg-men-ta-tion with fron-tend, back-end, and database
 []

[25]

Package caption Warning: The option `hypcap=true' will be ignored for this
(caption)                particular \caption on input line 919.
See the caption package documentation for explanation.

[26] (/usr/local/texlive/2026/texmf-dist/tex/latex/listings/lstlang1.sty
File: lstlang1.sty 2025/11/14 1.11b listings language file
) (/usr/local/texlive/2026/texmf-dist/tex/latex/listings/lstlang1.sty
File: lstlang1.sty 2025/11/14 1.11b listings language file
)
Package hyperref Info: bookmark level for unknown lstlisting defaults to 0 on input line 943.
LaTeX Font Info:    Font shape `T1/cmtt/bx/n' in size <10> not available
(Font)              Font shape `T1/cmtt/m/n' tried instead on input line 949.
 [27] [28]

Package caption Warning: The option `hypcap=true' will be ignored for this
(caption)                particular \caption on input line 1074.
See the caption package documentation for explanation.

[29]
Overfull \hbox (17.91154pt too wide) in paragraph at lines 1112--1112
[]|[]\T1/cmr/bx/n/12 Finding
 []


Underfull \hbox (badness 10000) in paragraph at lines 1112--1112
[]|[]\T1/cmr/bx/n/12 CMCSRS
 []


Overfull \hbox (17.91154pt too wide) in paragraph at lines 1117--1117
[]|[]\T1/cmr/bx/n/12 Finding
 []


Underfull \hbox (badness 10000) in paragraph at lines 1117--1117
[]|[]\T1/cmr/bx/n/12 CMCSRS
 []


Overfull \hbox (6.4532pt too wide) in paragraph at lines 1126--1126
[]|\T1/cmr/m/n/12 CRIT-
 []


Overfull \hbox (6.4532pt too wide) in paragraph at lines 1127--1127
[]|\T1/cmr/m/n/12 CRIT-
 []


Overfull \hbox (6.4532pt too wide) in paragraph at lines 1128--1128
[]|\T1/cmr/m/n/12 CRIT-
 []


Overfull \hbox (6.4532pt too wide) in paragraph at lines 1129--1129
[]|\T1/cmr/m/n/12 CRIT-
 []


Overfull \hbox (6.4532pt too wide) in paragraph at lines 1130--1130
[]|\T1/cmr/m/n/12 CRIT-
 []


Overfull \hbox (6.4532pt too wide) in paragraph at lines 1131--1131
[]|\T1/cmr/m/n/12 CRIT-
 []


Overfull \hbox (6.4532pt too wide) in paragraph at lines 1132--1132
[]|\T1/cmr/m/n/12 CRIT-
 []


Overfull \hbox (7.66959pt too wide) in paragraph at lines 1133--1133
[]|\T1/cmr/m/n/12 HIGH-
 []


Overfull \hbox (7.66959pt too wide) in paragraph at lines 1134--1134
[]|\T1/cmr/m/n/12 HIGH-
 []


Overfull \hbox (7.66959pt too wide) in paragraph at lines 1135--1135
[]|\T1/cmr/m/n/12 HIGH-
 []


Overfull \hbox (7.66959pt too wide) in paragraph at lines 1136--1136
[]|\T1/cmr/m/n/12 HIGH-
 []


Overfull \hbox (7.66959pt too wide) in paragraph at lines 1137--1137
[]|\T1/cmr/m/n/12 HIGH-
 []


Overfull \hbox (7.66959pt too wide) in paragraph at lines 1138--1138
[]|\T1/cmr/m/n/12 HIGH-
 []


Overfull \hbox (7.66959pt too wide) in paragraph at lines 1139--1139
[]|\T1/cmr/m/n/12 HIGH-
 []


Overfull \hbox (7.66959pt too wide) in paragraph at lines 1140--1140
[]|\T1/cmr/m/n/12 HIGH-
 []


Overfull \hbox (7.66959pt too wide) in paragraph at lines 1141--1141
[]|\T1/cmr/m/n/12 HIGH-
 []


Overfull \hbox (4.33014pt too wide) in paragraph at lines 1142--1142
[]|\T1/cmr/m/n/12 MED-
 []


Overfull \hbox (4.33014pt too wide) in paragraph at lines 1143--1143
[]|\T1/cmr/m/n/12 MED-
 []


Overfull \hbox (4.33014pt too wide) in paragraph at lines 1144--1144
[]|\T1/cmr/m/n/12 MED-
 []


Overfull \hbox (4.33014pt too wide) in paragraph at lines 1145--1145
[]|\T1/cmr/m/n/12 MED-
 []


Overfull \hbox (4.33014pt too wide) in paragraph at lines 1146--1146
[]|\T1/cmr/m/n/12 MED-
 []


Overfull \hbox (4.33014pt too wide) in paragraph at lines 1147--1147
[]|\T1/cmr/m/n/12 MED-
 []


Overfull \hbox (4.33014pt too wide) in paragraph at lines 1148--1148
[]|\T1/cmr/m/n/12 MED-
 []


Overfull \hbox (4.82166pt too wide) in paragraph at lines 1149--1149
[]|\T1/cmr/m/n/12 LOW-
 []


Overfull \hbox (4.82166pt too wide) in paragraph at lines 1150--1150
[]|\T1/cmr/m/n/12 LOW-
 []


ignored: Infinite glue shrinkage found in box being split [30] [31] [32]
Overfull \hbox (48.00749pt too wide) in paragraph at lines 1255--1256
\T1/cmr/m/n/12 Add health checks for each ser-vice that sup-ports a sta-tus end-point. Save this as `/home/tutor/tutor-
 []

[33] [34] [35] [36] [37] [38]
Underfull \hbox (badness 10000) in paragraph at lines 1586--1586
[]|\T1/cmr/m/n/12 CVE-
 []


Underfull \hbox (badness 10000) in paragraph at lines 1586--1586
\T1/cmr/m/n/12 2026-
 []


Underfull \hbox (badness 10000) in paragraph at lines 1587--1587
[]|\T1/cmr/m/n/12 CVE-
 []


Underfull \hbox (badness 10000) in paragraph at lines 1587--1588
[]|\T1/cmr/m/n/12 `npm up-date shell-
 []


Underfull \hbox (badness 10000) in paragraph at lines 1588--1588
[]|\T1/cmr/m/n/12 CVE-
 []


Underfull \hbox (badness 10000) in paragraph at lines 1588--1588
\T1/cmr/m/n/12 2026-
 []


Underfull \hbox (badness 10000) in paragraph at lines 1588--1589
[]|\T1/cmr/m/n/12 `npm up-date
 []


Underfull \hbox (badness 10000) in paragraph at lines 1588--1589
\T1/cmr/m/n/12 websocket-driver`
 []


Underfull \hbox (badness 10000) in paragraph at lines 1589--1589
[]|\T1/cmr/m/n/12 CVE-
 []


Underfull \hbox (badness 10000) in paragraph at lines 1589--1589
\T1/cmr/m/n/12 2026-
 []


Underfull \hbox (badness 10000) in paragraph at lines 1589--1590
[]|\T1/cmr/m/n/12 Rebuilt with
 []


Overfull \hbox (9.53374pt too wide) in paragraph at lines 1589--1590
\T1/cmr/m/n/12 `google.golang.org/grpc`
 []


Underfull \hbox (badness 10000) in paragraph at lines 1590--1590
[]|\T1/cmr/m/n/12 CVE-
 []


Underfull \hbox (badness 10000) in paragraph at lines 1590--1590
\T1/cmr/m/n/12 2024-
 []


Underfull \hbox (badness 10000) in paragraph at lines 1590--1590
\T1/cmr/m/n/12 24790
 []


Underfull \hbox (badness 10000) in paragraph at lines 1590--1590
\T1/cmr/m/n/12 / CVE-
 []


Underfull \hbox (badness 10000) in paragraph at lines 1590--1590
\T1/cmr/m/n/12 2025-
 []


Underfull \hbox (badness 10000) in paragraph at lines 1591--1591
[]|\T1/cmr/m/n/12 CVE-
 []


Underfull \hbox (badness 10000) in paragraph at lines 1591--1591
\T1/cmr/m/n/12 2023-
 []


Underfull \hbox (badness 10000) in paragraph at lines 1591--1592
[]|\T1/cmr/m/n/12 Rebuilt with Go
 []


Underfull \hbox (badness 10000) in paragraph at lines 1592--1592
[]|\T1/cmr/m/n/12 CVE-
 []


Underfull \hbox (badness 10000) in paragraph at lines 1592--1592
\T1/cmr/m/n/12 2026-
 []


Underfull \hbox (badness 10000) in paragraph at lines 1592--1592
\T1/cmr/m/n/12 33845
 []


Underfull \hbox (badness 10000) in paragraph at lines 1592--1592
\T1/cmr/m/n/12 / CVE-
 []


Underfull \hbox (badness 10000) in paragraph at lines 1592--1592
\T1/cmr/m/n/12 2026-
 []


Underfull \hbox (badness 10000) in paragraph at lines 1593--1593
[]|\T1/cmr/m/n/12 CVE-
 []


Underfull \hbox (badness 10000) in paragraph at lines 1593--1593
\T1/cmr/m/n/12 2025-
 []


Underfull \hbox (badness 10000) in paragraph at lines 1594--1594
[]|\T1/cmr/m/n/12 CVE-
 []


Underfull \hbox (badness 10000) in paragraph at lines 1594--1594
\T1/cmr/m/n/12 2021-
 []


Underfull \hbox (badness 2229) in paragraph at lines 1594--1595
[]|\T1/cmr/m/n/12 `npm up-date un-der-
 []


Underfull \hbox (badness 10000) in paragraph at lines 1595--1595
[]|\T1/cmr/m/n/12 CVE-
 []


Underfull \hbox (badness 10000) in paragraph at lines 1596--1596
[]|\T1/cmr/m/n/12 CVE-
 []


Underfull \hbox (badness 10000) in paragraph at lines 1596--1596
\T1/cmr/m/n/12 2025-
 []


Underfull \hbox (badness 10000) in paragraph at lines 1596--1597
[]|\T1/cmr/m/n/12 Rebuilt with `nltk`
 []

[39] [40] (../common/footer.tex [41]
pdfTeX warning (ext4): destination with the same identifier (name{section.Alph0.1}) has been already used, duplicate ignored
<to be read again> 
                   \relax 
l.9 \section{Full Apache License 2.0 Text}
                                           (../common/license.tex) [42] (./Security_OpenEdX.aux)
 ***********
LaTeX2e <2025-11-01>
L3 programming layer <2026-01-19>
 ***********
Package rerunfilecheck Info: File `Security_OpenEdX.out' has not changed.
(rerunfilecheck)             Checksum: 1E482D9B4ECC509398E293624C5DDEBB;14821.
 ) ) 
Here is how much of TeX's memory you used:
 14864 strings out of 467525
 230572 string characters out of 5418983
 1316615 words of memory out of 5000000
 43146 multiletter control sequences out of 15000+600000
 639653 words of font info for 64 fonts, out of 8000000 for 9000
 1141 hyphenation exceptions out of 8191
 80i,12n,82p,567b,2105s stack positions out of 10000i,1000n,20000p,200000b,200000s
</usr/local/texlive/2026/texmf-dist/fonts/type1/public/amsfonts/cm/cmsy10.pfb></usr/local/texlive/2026/texmf-dist/fonts/type1/public/cm-super/sfbx1200.pfb></usr/local/texlive/2026/texmf-dist/fonts/type1/public/cm-super/sfbx1440.pfb></usr/local/texlive/2026/texmf-dist/fonts/type1/public/cm-super/sfbx1728.pfb></usr/local/texlive/2026/texmf-dist/fonts/type1/public/cm-super/sfbx2488.pfb></usr/local/texlive/2026/texmf-dist/fonts/type1/public/cm-super/sfit1000.pfb></usr/local/texlive/2026/texmf-dist/fonts/type1/public/cm-super/sfrm1200.pfb></usr/local/texlive/2026/texmf-dist/fonts/type1/public/cm-super/sfrm1440.pfb></usr/local/texlive/2026/texmf-dist/fonts/type1/public/cm-super/sfrm1728.pfb></usr/local/texlive/2026/texmf-dist/fonts/type1/public/cm-super/sfti1200.pfb></usr/local/texlive/2026/texmf-dist/fonts/type1/public/cm-super/sftt1000.pfb></usr/local/texlive/2026/texmf-dist/fonts/type1/public/cm-super/sftt1200.pfb>
Output written on Security_OpenEdX.pdf (43 pages, 445282 bytes).
PDF statistics:
 1079 PDF objects out of 1200 (max. 8388607)
 996 compressed objects within 10 object streams
 454 named destinations out of 1000 (max. 500000)
 566 words of extra memory for PDF output out of 10000 (max. 10000000)

