\BOOKMARK [1][-]{chapter*.2}{\376\377\000L\000i\000s\000t\000\040\000o\000f\000\040\000F\000i\000g\000u\000r\000e\000s}{}% 1
\BOOKMARK [1][-]{chapter*.3}{\376\377\000L\000i\000s\000t\000\040\000o\000f\000\040\000T\000a\000b\000l\000e\000s}{}% 2
\BOOKMARK [1][-]{section.0.1}{\376\377\000D\000o\000c\000u\000m\000e\000n\000t\000\040\000M\000a\000n\000a\000g\000e\000m\000e\000n\000t\000\040\000a\000n\000d\000\040\000Q\000u\000a\000l\000i\000t\000y\000\040\000A\000s\000s\000u\000r\000a\000n\000c\000e}{}% 3
\BOOKMARK [2][-]{subsection.0.1.1}{\376\377\000D\000o\000c\000u\000m\000e\000n\000t\000\040\000P\000u\000r\000p\000o\000s\000e}{section.0.1}% 4
\BOOKMARK [2][-]{subsection.0.1.2}{\376\377\000D\000i\000a\000g\000r\000a\000m\000\040\000M\000a\000n\000a\000g\000e\000m\000e\000n\000t}{section.0.1}% 5
\BOOKMARK [2][-]{subsection.0.1.3}{\376\377\000D\000i\000a\000g\000r\000a\000m\000\040\000S\000t\000a\000n\000d\000a\000r\000d\000s}{section.0.1}% 6
\BOOKMARK [2][-]{subsection.0.1.4}{\376\377\000Q\000u\000a\000l\000i\000t\000y\000\040\000A\000s\000s\000u\000r\000a\000n\000c\000e}{section.0.1}% 7
\BOOKMARK [1][-]{section.0.2}{\376\377\000S\000y\000s\000t\000e\000m\000\040\000O\000v\000e\000r\000v\000i\000e\000w}{}% 8
\BOOKMARK [1][-]{section.0.3}{\376\377\000P\000h\000y\000s\000i\000c\000a\000l\000\040\000A\000r\000c\000h\000i\000t\000e\000c\000t\000u\000r\000e}{}% 9
\BOOKMARK [1][-]{section.0.4}{\376\377\000L\000o\000g\000i\000c\000a\000l\000\040\000A\000r\000c\000h\000i\000t\000e\000c\000t\000u\000r\000e}{}% 10
\BOOKMARK [2][-]{subsection.0.4.1}{\376\377\000P\000r\000e\000s\000e\000n\000t\000a\000t\000i\000o\000n\000\040\000L\000a\000y\000e\000r}{section.0.4}% 11
\BOOKMARK [2][-]{subsection.0.4.2}{\376\377\000B\000u\000s\000i\000n\000e\000s\000s\000\040\000L\000o\000g\000i\000c\000\040\000L\000a\000y\000e\000r}{section.0.4}% 12
\BOOKMARK [2][-]{subsection.0.4.3}{\376\377\000D\000a\000t\000a\000\040\000L\000a\000y\000e\000r}{section.0.4}% 13
\BOOKMARK [1][-]{section.0.5}{\376\377\000S\000y\000s\000t\000e\000m\000\040\000A\000r\000c\000h\000i\000t\000e\000c\000t\000u\000r\000e\000\040\000a\000n\000d\000\040\000D\000a\000t\000a\000\040\000F\000l\000o\000w}{}% 14
\BOOKMARK [2][-]{subsection.0.5.1}{\376\377\000K\000e\000y\000\040\000C\000o\000m\000p\000o\000n\000e\000n\000t\000s}{section.0.5}% 15
\BOOKMARK [2][-]{subsection.0.5.2}{\376\377\000S\000y\000s\000t\000e\000m\000\040\000A\000r\000c\000h\000i\000t\000e\000c\000t\000u\000r\000e\000\040\000D\000i\000a\000g\000r\000a\000m}{section.0.5}% 16
\BOOKMARK [2][-]{subsection.0.5.3}{\376\377\000D\000a\000t\000a\000\040\000F\000l\000o\000w\000\040\000D\000i\000a\000g\000r\000a\000m\000\040\000\050\000D\000F\000D\000\051}{section.0.5}% 17
\BOOKMARK [2][-]{subsection.0.5.4}{\376\377\000D\000a\000t\000a\000\040\000F\000l\000o\000w\000\040\000E\000x\000p\000l\000a\000n\000a\000t\000i\000o\000n}{section.0.5}% 18
\BOOKMARK [1][-]{section.0.6}{\376\377\000S\000e\000c\000u\000r\000i\000t\000y\000\040\000A\000r\000c\000h\000i\000t\000e\000c\000t\000u\000r\000e\000\040\000\050\000I\000N\000S\000A\000\040\000C\000o\000m\000p\000l\000i\000a\000n\000c\000e\000\051}{}% 19
\BOOKMARK [2][-]{subsection.0.6.1}{\376\377\000N\000e\000t\000w\000o\000r\000k\000\040\000S\000e\000c\000u\000r\000i\000t\000y}{section.0.6}% 20
\BOOKMARK [2][-]{subsection.0.6.2}{\376\377\000C\000o\000n\000t\000a\000i\000n\000e\000r\000\040\000I\000s\000o\000l\000a\000t\000i\000o\000n}{section.0.6}% 21
\BOOKMARK [2][-]{subsection.0.6.3}{\376\377\000S\000e\000c\000r\000e\000t\000s\000\040\000M\000a\000n\000a\000g\000e\000m\000e\000n\000t}{section.0.6}% 22
\BOOKMARK [2][-]{subsection.0.6.4}{\376\377\000M\000o\000n\000i\000t\000o\000r\000i\000n\000g\000\040\000a\000n\000d\000\040\000L\000o\000g\000g\000i\000n\000g}{section.0.6}% 23
\BOOKMARK [2][-]{subsection.0.6.5}{\376\377\000C\000o\000m\000p\000l\000i\000a\000n\000c\000e}{section.0.6}% 24
\BOOKMARK [1][-]{section.0.7}{\376\377\000U\000M\000L\000\040\000D\000i\000a\000g\000r\000a\000m\000s}{}% 25
\BOOKMARK [2][-]{subsection.0.7.1}{\376\377\000U\000s\000e\000\040\000C\000a\000s\000e\000\040\000D\000i\000a\000g\000r\000a\000m}{section.0.7}% 26
\BOOKMARK [2][-]{subsection.0.7.2}{\376\377\000C\000l\000a\000s\000s\000\040\000D\000i\000a\000g\000r\000a\000m}{section.0.7}% 27
\BOOKMARK [2][-]{subsection.0.7.3}{\376\377\000S\000e\000q\000u\000e\000n\000c\000e\000\040\000D\000i\000a\000g\000r\000a\000m\000:\000\040\000C\000o\000u\000r\000s\000e\000\040\000E\000n\000r\000o\000l\000l\000m\000e\000n\000t}{section.0.7}% 28
\BOOKMARK [2][-]{subsection.0.7.4}{\376\377\000S\000e\000q\000u\000e\000n\000c\000e\000\040\000D\000i\000a\000g\000r\000a\000m\000:\000\040\000C\000o\000u\000r\000s\000e\000\040\000C\000r\000e\000a\000t\000i\000o\000n\000\040\000\050\000E\000d\000u\000c\000a\000t\000o\000r\000\051}{section.0.7}% 29
\BOOKMARK [1][-]{section.0.8}{\376\377\000M\000o\000d\000u\000l\000e\000\040\000I\000n\000t\000e\000r\000a\000c\000t\000i\000o\000n}{}% 30
\BOOKMARK [1][-]{section.0.9}{\376\377\000R\000e\000f\000e\000r\000e\000n\000c\000e\000s}{}% 31
\BOOKMARK [1][-]{section.Alph0.1}{\376\377\000F\000u\000l\000l\000\040\000A\000p\000a\000c\000h\000e\000\040\000L\000i\000c\000e\000n\000s\000e\000\040\0002\000.\0000\000\040\000T\000e\000x\000t}{}% 32
